// Jest Snapshot v1, https://goo.gl/fbAQLP

exports[`controller inspector component test add component test add component in inspector test add sourceInstance component inspector should show sourceInstance component 1`] = `
<article
  className="inspector-component"
>
  <article
    className="componentBox-component"
  >
    <div
      className="header"
    >
      <div
        className="header-triangle"
        onClick={[Function]}
      >
        <span
          className="triangle-bottom"
        />
      </div>
      <div
        className="header-title"
      >
        transform
      </div>
    </div>
    <article
      className="transform-component"
    >
      <article
        className="wonder-float-input"
      >
        <span
          className="component-label"
        >
          X : 
        </span>
        <input
          className="input-component float-input"
          onBlur={[Function]}
          onChange={[Function]}
          type="text"
          value="0"
        />
      </article>
      <article
        className="wonder-float-input"
      >
        <span
          className="component-label"
        >
          Y : 
        </span>
        <input
          className="input-component float-input"
          onBlur={[Function]}
          onChange={[Function]}
          type="text"
          value="0"
        />
      </article>
      <article
        className="wonder-float-input"
      >
        <span
          className="component-label"
        >
          Z : 
        </span>
        <input
          className="input-component float-input"
          onBlur={[Function]}
          onChange={[Function]}
          type="text"
          value="0"
        />
      </article>
    </article>
  </article>
  <article
    className="componentBox-component"
  >
    <div
      className="header"
    >
      <div
        className="header-triangle"
        onClick={[Function]}
      >
        <span
          className="triangle-bottom"
        />
      </div>
      <div
        className="header-title"
      >
        basicMaterial
      </div>
    </div>
    <article
      className="transform-component"
    >
      <article
        className="wonder-float-input"
      >
        <span
          className="component-label"
        >
          color : 
        </span>
        <input
          className="input-component float-input"
          onBlur={[Function]}
          onChange={[Function]}
          type="text"
          value="#ffffff"
        />
      </article>
    </article>
  </article>
  <article
    className="componentBox-component"
  >
    <div
      className="header"
    >
      <div
        className="header-triangle"
        onClick={[Function]}
      >
        <span
          className="triangle-bottom"
        />
      </div>
      <div
        className="header-title"
      >
        sourceInstance
      </div>
      <span
        className="header-close"
      >
        x
      </span>
    </div>
    <div>
      simulate source instance
    </div>
  </article>
  <article
    className="addable-component"
  >
    <button
      disabled={true}
      onClick={[Function]}
    >
      add component
    </button>
  </article>
</article>
`;
