// Jest Snapshot v1, https://goo.gl/fbAQLP

exports[`MainEditorGeometry component test set currentSceneTreeNode test change geometry test snapshot test hide select geometry group widget 1`] = `
<article
  className="wonder-inspector-geometry"
>
  <div
    className="inspector-item"
  >
    <div
      className="item-header"
    >
      Geometry
    </div>
    <div
      className="item-content"
    >
      <div
        className="inspector-select"
      >
        <div
          className="select-name"
        >
          Cube
        </div>
        <div
          className="select-img"
          onClick={[Function]}
        >
          <img
            src="./public/img/select.png"
          />
        </div>
      </div>
    </div>
  </div>
</article>
`;

exports[`MainEditorGeometry component test set currentSceneTreeNode test change geometry test snapshot test show select geometry group widget else, select geometry group should only contain geometry which has texCoord 1`] = `
<article
  className="wonder-inspector-geometry"
>
  <div
    className="inspector-item"
  >
    <div
      className="item-header"
    >
      Geometry
    </div>
    <div
      className="item-content"
    >
      <div
        className="inspector-select"
      >
        <div
          className="select-name"
        >
          Cube
        </div>
        <div
          className="select-img"
          onClick={[Function]}
        >
          <img
            src="./public/img/select.png"
          />
        </div>
      </div>
    </div>
  </div>
  <div
    className="select-component-content"
  >
    <div
      className="select-component-item"
    >
      <div
        className="item-header"
      >
        Geometry
      </div>
      <div
        className="item-content item-active"
        onClick={[Function]}
      >
        Cube
      </div>
      <div
        className="item-content"
        onClick={[Function]}
      >
        Sphere
      </div>
    </div>
    <div
      className="select-component-bg"
      onClick={[Function]}
    />
  </div>
</article>
`;

exports[`MainEditorGeometry component test set currentSceneTreeNode test change geometry test snapshot test show select geometry group widget if current geometry has no texCoord, select geometry group should contain geometry which has texCoord or no texCoord 1`] = `
<article
  className="wonder-inspector-geometry"
>
  <div
    className="inspector-item"
  >
    <div
      className="item-header"
    >
      Geometry
    </div>
    <div
      className="item-content"
    >
      <div
        className="inspector-select"
      >
        <div
          className="select-name"
        >
          Cube
        </div>
        <div
          className="select-img"
          onClick={[Function]}
        >
          <img
            src="./public/img/select.png"
          />
        </div>
      </div>
    </div>
  </div>
  <div
    className="select-component-content"
  >
    <div
      className="select-component-item"
    >
      <div
        className="item-header"
      >
        Geometry
      </div>
      <div
        className="item-content item-active"
        onClick={[Function]}
      >
        Cube
      </div>
      <div
        className="item-content"
        onClick={[Function]}
      >
        Sphere
      </div>
      <div
        className="item-content"
        onClick={[Function]}
      >
        geometryNoTexCoord
      </div>
    </div>
    <div
      className="select-component-bg"
      onClick={[Function]}
    />
  </div>
</article>
`;

exports[`MainEditorGeometry component test set currentSceneTreeNode test load asset wdb test select geometry group widget should show all geometry 1`] = `
<article
  className="wonder-inspector-geometry"
>
  <div
    className="inspector-item"
  >
    <div
      className="item-header"
    >
      Geometry
    </div>
    <div
      className="item-content"
    >
      <div
        className="inspector-select"
      >
        <div
          className="select-name"
        >
          Cube
        </div>
        <div
          className="select-img"
          onClick={[Function]}
        >
          <img
            src="./public/img/select.png"
          />
        </div>
      </div>
    </div>
  </div>
  <div
    className="select-component-content"
  >
    <div
      className="select-component-item"
    >
      <div
        className="item-header"
      >
        Geometry
      </div>
      <div
        className="item-content item-active"
        onClick={[Function]}
      >
        Cube
      </div>
      <div
        className="item-content"
        onClick={[Function]}
      >
        Sphere
      </div>
      <div
        className="item-content"
        onClick={[Function]}
      >
        Mesh
      </div>
    </div>
    <div
      className="select-component-bg"
      onClick={[Function]}
    />
  </div>
</article>
`;
