// Jest Snapshot v1, https://goo.gl/fbAQLP

exports[`panel extension component accord to user json data, build component 1`] = `
<div>
  <div
    className="inline-component"
  >
    <button>
      xme
    </button>
  </div>
  <div
    className="inline-component"
  >
    <div
      className="number-input"
    >
      <span
        className="number-label"
      >
        xXX : 
      </span>
      <input
        className="ant-input number-input-input"
        onChange={[Function]}
        type="text"
        value="0"
      />
    </div>
  </div>
</div>
`;

exports[`panel extension component the extensionText specific parent is App,if not, don't render 1`] = `
<div
  className="fff"
/>
`;
