// Jest Snapshot v1, https://goo.gl/fbAQLP

exports[`MainEditorSceneTree get sceneTree from engine test simple scene graph data which haven't children case drag treeNode into target treeNode 1`] = `
<article
  className="wonder-sceneTree-component"
>
  <article
    className="wonder-tree"
  >
    <ul
      className="wonder-tree-node"
      draggable={true}
      onDragEnd={[Function]}
      onDragStart={[Function]}
    >
      <li
        draggable={true}
        onClick={[Function]}
        onDragEnter={[Function]}
        onDragLeave={[Function]}
        onDragOver={[Function]}
        onDrop={[Function]}
        style={
          Object {
            "border": "0px",
          }
        }
      >
        <div
          className="item-triangle"
          onClick={[Function]}
        >
          <img
            src="./public/img/down.png"
          />
        </div>
        Scene
      </li>
      <ul
        className="wonder-tree-node"
        draggable={true}
        onDragEnd={[Function]}
        onDragStart={[Function]}
      >
        <li
          draggable={true}
          onClick={[Function]}
          onDragEnter={[Function]}
          onDragLeave={[Function]}
          onDragOver={[Function]}
          onDrop={[Function]}
          style={
            Object {
              "border": "0px",
            }
          }
        >
          <div
            className="item-triangle"
          />
          Camera
        </li>
      </ul>
      <ul
        className="wonder-tree-node"
        draggable={true}
        onDragEnd={[Function]}
        onDragStart={[Function]}
      >
        <li
          draggable={true}
          onClick={[Function]}
          onDragEnter={[Function]}
          onDragLeave={[Function]}
          onDragOver={[Function]}
          onDrop={[Function]}
          style={
            Object {
              "border": "0px",
            }
          }
        >
          <div
            className="item-triangle"
            onClick={[Function]}
          >
            <img
              src="./public/img/down.png"
            />
          </div>
          Cube
        </li>
        <ul
          className="wonder-tree-node"
          draggable={true}
          onDragEnd={[Function]}
          onDragStart={[Function]}
        >
          <li
            draggable={true}
            onClick={[Function]}
            onDragEnter={[Function]}
            onDragLeave={[Function]}
            onDragOver={[Function]}
            onDrop={[Function]}
            style={
              Object {
                "background": "#5C7EA6",
              }
            }
          >
            <div
              className="item-triangle"
            />
            Cube
          </li>
        </ul>
      </ul>
      <ul
        className="wonder-tree-node"
        draggable={true}
        onDragEnd={[Function]}
        onDragStart={[Function]}
      >
        <li
          draggable={true}
          onClick={[Function]}
          onDragEnter={[Function]}
          onDragLeave={[Function]}
          onDragOver={[Function]}
          onDrop={[Function]}
          style={
            Object {
              "border": "0px",
            }
          }
        >
          <div
            className="item-triangle"
          />
          Direction Light
        </li>
      </ul>
    </ul>
  </article>
</article>
`;

exports[`MainEditorSceneTree get sceneTree from engine test simple scene graph data which haven't children case no drag 1`] = `
<article
  className="wonder-sceneTree-component"
>
  <article
    className="wonder-tree"
  >
    <ul
      className="wonder-tree-node"
      draggable={true}
      onDragEnd={[Function]}
      onDragStart={[Function]}
    >
      <li
        draggable={true}
        onClick={[Function]}
        onDragEnter={[Function]}
        onDragLeave={[Function]}
        onDragOver={[Function]}
        onDrop={[Function]}
        style={
          Object {
            "border": "0px",
          }
        }
      >
        <div
          className="item-triangle"
          onClick={[Function]}
        >
          <img
            src="./public/img/down.png"
          />
        </div>
        Scene
      </li>
      <ul
        className="wonder-tree-node"
        draggable={true}
        onDragEnd={[Function]}
        onDragStart={[Function]}
      >
        <li
          draggable={true}
          onClick={[Function]}
          onDragEnter={[Function]}
          onDragLeave={[Function]}
          onDragOver={[Function]}
          onDrop={[Function]}
          style={
            Object {
              "border": "0px",
            }
          }
        >
          <div
            className="item-triangle"
          />
          Camera
        </li>
      </ul>
      <ul
        className="wonder-tree-node"
        draggable={true}
        onDragEnd={[Function]}
        onDragStart={[Function]}
      >
        <li
          draggable={true}
          onClick={[Function]}
          onDragEnter={[Function]}
          onDragLeave={[Function]}
          onDragOver={[Function]}
          onDrop={[Function]}
          style={
            Object {
              "background": "#5C7EA6",
            }
          }
        >
          <div
            className="item-triangle"
          />
          Cube
        </li>
      </ul>
      <ul
        className="wonder-tree-node"
        draggable={true}
        onDragEnd={[Function]}
        onDragStart={[Function]}
      >
        <li
          draggable={true}
          onClick={[Function]}
          onDragEnter={[Function]}
          onDragLeave={[Function]}
          onDragOver={[Function]}
          onDrop={[Function]}
          style={
            Object {
              "border": "0px",
            }
          }
        >
          <div
            className="item-triangle"
          />
          Cube
        </li>
      </ul>
      <ul
        className="wonder-tree-node"
        draggable={true}
        onDragEnd={[Function]}
        onDragStart={[Function]}
      >
        <li
          draggable={true}
          onClick={[Function]}
          onDragEnter={[Function]}
          onDragLeave={[Function]}
          onDragOver={[Function]}
          onDrop={[Function]}
          style={
            Object {
              "border": "0px",
            }
          }
        >
          <div
            className="item-triangle"
          />
          Direction Light
        </li>
      </ul>
    </ul>
  </article>
</article>
`;
