// Jest Snapshot v1, https://goo.gl/fbAQLP

exports[`test remove camera group test has no camera group after remove  test remove current camera group should remove from inspector 1`] = `
<article
  className="wonder-inspector-component"
>
  <article
    className="wonder-inspector-sceneTree"
  >
    <div>
      <article
        className="wonder-string-input"
      >
        <span
          className="component-label"
        >
          Name : 
        </span>
        <input
          className="input-component float-input"
          onBlur={[Function]}
          onChange={[Function]}
          type="text"
          value="camera"
        />
      </article>
    </div>
    <article
      className="componentBox-component"
    >
      <div
        className="header"
      >
        <div
          className="header-triangle"
          onClick={[Function]}
        >
          <span
            className="triangle-bottom"
          />
        </div>
        <div
          className="header-title"
        >
          Transform
        </div>
      </div>
      <article
        className="wonder-inspector-transform"
      >
        <div
          className="transform-item"
        >
          <div
            className=""
          >
            position : 
          </div>
          <article
            className="wonder-transform-template"
          >
            <article
              className="wonder-float-input"
            >
              <span
                className="component-label"
              >
                X : 
              </span>
              <input
                className="input-component float-input"
                onBlur={[Function]}
                onChange={[Function]}
                type="text"
                value="0"
              />
            </article>
            <article
              className="wonder-float-input"
            >
              <span
                className="component-label"
              >
                Y : 
              </span>
              <input
                className="input-component float-input"
                onBlur={[Function]}
                onChange={[Function]}
                type="text"
                value="0"
              />
            </article>
            <article
              className="wonder-float-input"
            >
              <span
                className="component-label"
              >
                Z : 
              </span>
              <input
                className="input-component float-input"
                onBlur={[Function]}
                onChange={[Function]}
                type="text"
                value="40"
              />
            </article>
          </article>
        </div>
        <div
          className="transform-item"
        >
          <div
            className=""
          >
            rotation : 
          </div>
          <article
            className="wonder-transform-template"
          >
            <article
              className="wonder-float-input"
            >
              <span
                className="component-label"
              >
                X : 
              </span>
              <input
                className="input-component float-input"
                onBlur={[Function]}
                onChange={[Function]}
                type="text"
                value="0"
              />
            </article>
            <article
              className="wonder-float-input"
            >
              <span
                className="component-label"
              >
                Y : 
              </span>
              <input
                className="input-component float-input"
                onBlur={[Function]}
                onChange={[Function]}
                type="text"
                value="0"
              />
            </article>
            <article
              className="wonder-float-input"
            >
              <span
                className="component-label"
              >
                Z : 
              </span>
              <input
                className="input-component float-input"
                onBlur={[Function]}
                onChange={[Function]}
                type="text"
                value="0"
              />
            </article>
          </article>
        </div>
        <div
          className="transform-item"
        >
          <div
            className=""
          >
            scale : 
          </div>
          <article
            className="wonder-transform-template"
          >
            <article
              className="wonder-float-input"
            >
              <span
                className="component-label"
              >
                X : 
              </span>
              <input
                className="input-component float-input"
                onBlur={[Function]}
                onChange={[Function]}
                type="text"
                value="1"
              />
            </article>
            <article
              className="wonder-float-input"
            >
              <span
                className="component-label"
              >
                Y : 
              </span>
              <input
                className="input-component float-input"
                onBlur={[Function]}
                onChange={[Function]}
                type="text"
                value="1"
              />
            </article>
            <article
              className="wonder-float-input"
            >
              <span
                className="component-label"
              >
                Z : 
              </span>
              <input
                className="input-component float-input"
                onBlur={[Function]}
                onChange={[Function]}
                type="text"
                value="1"
              />
            </article>
          </article>
        </div>
      </article>
    </article>
    <article
      className="wonder-addable-component"
    >
      <div
        className="addable-component-content"
      >
        <button
          className="addable-btn"
          onClick={[Function]}
        >
          Add Component
        </button>
      </div>
    </article>
  </article>
</article>
`;

exports[`test remove camera group test still has other camera groups after remove  test remove cameraGroup component, should remove from inspector 1`] = `
<article
  className="wonder-inspector-component"
>
  <article
    className="wonder-inspector-sceneTree"
  >
    <div>
      <article
        className="wonder-string-input"
      >
        <span
          className="component-label"
        >
          Name : 
        </span>
        <input
          className="input-component float-input"
          onBlur={[Function]}
          onChange={[Function]}
          type="text"
          value="camera"
        />
      </article>
    </div>
    <article
      className="componentBox-component"
    >
      <div
        className="header"
      >
        <div
          className="header-triangle"
          onClick={[Function]}
        >
          <span
            className="triangle-bottom"
          />
        </div>
        <div
          className="header-title"
        >
          Transform
        </div>
      </div>
      <article
        className="wonder-inspector-transform"
      >
        <div
          className="transform-item"
        >
          <div
            className=""
          >
            position : 
          </div>
          <article
            className="wonder-transform-template"
          >
            <article
              className="wonder-float-input"
            >
              <span
                className="component-label"
              >
                X : 
              </span>
              <input
                className="input-component float-input"
                onBlur={[Function]}
                onChange={[Function]}
                type="text"
                value="0"
              />
            </article>
            <article
              className="wonder-float-input"
            >
              <span
                className="component-label"
              >
                Y : 
              </span>
              <input
                className="input-component float-input"
                onBlur={[Function]}
                onChange={[Function]}
                type="text"
                value="0"
              />
            </article>
            <article
              className="wonder-float-input"
            >
              <span
                className="component-label"
              >
                Z : 
              </span>
              <input
                className="input-component float-input"
                onBlur={[Function]}
                onChange={[Function]}
                type="text"
                value="40"
              />
            </article>
          </article>
        </div>
        <div
          className="transform-item"
        >
          <div
            className=""
          >
            rotation : 
          </div>
          <article
            className="wonder-transform-template"
          >
            <article
              className="wonder-float-input"
            >
              <span
                className="component-label"
              >
                X : 
              </span>
              <input
                className="input-component float-input"
                onBlur={[Function]}
                onChange={[Function]}
                type="text"
                value="0"
              />
            </article>
            <article
              className="wonder-float-input"
            >
              <span
                className="component-label"
              >
                Y : 
              </span>
              <input
                className="input-component float-input"
                onBlur={[Function]}
                onChange={[Function]}
                type="text"
                value="0"
              />
            </article>
            <article
              className="wonder-float-input"
            >
              <span
                className="component-label"
              >
                Z : 
              </span>
              <input
                className="input-component float-input"
                onBlur={[Function]}
                onChange={[Function]}
                type="text"
                value="0"
              />
            </article>
          </article>
        </div>
        <div
          className="transform-item"
        >
          <div
            className=""
          >
            scale : 
          </div>
          <article
            className="wonder-transform-template"
          >
            <article
              className="wonder-float-input"
            >
              <span
                className="component-label"
              >
                X : 
              </span>
              <input
                className="input-component float-input"
                onBlur={[Function]}
                onChange={[Function]}
                type="text"
                value="1"
              />
            </article>
            <article
              className="wonder-float-input"
            >
              <span
                className="component-label"
              >
                Y : 
              </span>
              <input
                className="input-component float-input"
                onBlur={[Function]}
                onChange={[Function]}
                type="text"
                value="1"
              />
            </article>
            <article
              className="wonder-float-input"
            >
              <span
                className="component-label"
              >
                Z : 
              </span>
              <input
                className="input-component float-input"
                onBlur={[Function]}
                onChange={[Function]}
                type="text"
                value="1"
              />
            </article>
          </article>
        </div>
      </article>
    </article>
    <article
      className="wonder-addable-component"
    >
      <div
        className="addable-component-content"
      >
        <button
          className="addable-btn"
          onClick={[Function]}
        >
          Add Component
        </button>
      </div>
    </article>
  </article>
</article>
`;
