// Jest Snapshot v1, https://goo.gl/fbAQLP

exports[`MainEditorAssetHeader test load file test snapshot if not select specific treeNode load file should add into root node children 1`] = `
<article
  className="wonder-asset-component"
>
  <div
    className="asset-tree"
  >
    <article
      className="wonder-asset-header"
    >
      <div
        className="header-item"
      >
        <button
          onClick={[Function]}
        >
          addFolder
        </button>
      </div>
      <div
        className="header-item"
      >
        <button
          disabled={true}
          onClick={[Function]}
        >
          remove
        </button>
      </div>
      <div
        className="header-item"
      >
        <input
          className="file-upload"
          multiple={true}
          onChange={[Function]}
          type="file"
        />
      </div>
    </article>
    <article
      className="wonder-asset-assetTree"
    >
      <ul
        className="wonder-tree-node"
      >
        <li
          onClick={[Function]}
          style={
            Object {
              "background": "#c0c0c0",
            }
          }
        >
          <div
            className="item-ground"
            draggable={true}
            onDragEnter={[Function]}
            onDragLeave={[Function]}
            onDragOver={[Function]}
            onDrop={[Function]}
          />
          <img
            src="./public/img/12.jpg"
          />
          Asset
        </li>
        <ul
          className="wonder-tree-node"
          draggable={true}
          onDragEnd={[Function]}
          onDragStart={[Function]}
        >
          <li
            onClick={[Function]}
            style={
              Object {
                "border": "1px solid red",
              }
            }
          >
            <div
              className="item-ground"
              draggable={true}
              onDragEnter={[Function]}
              onDragLeave={[Function]}
              onDragOver={[Function]}
              onDrop={[Function]}
            />
            <img
              src="./public/img/12.jpg"
            />
            newFolder
          </li>
        </ul>
        <ul
          className="wonder-tree-node"
          draggable={true}
          onDragEnd={[Function]}
          onDragStart={[Function]}
        >
          <li
            onClick={[Function]}
            style={
              Object {
                "border": "1px solid red",
              }
            }
          >
            <div
              className="item-ground"
              draggable={true}
              onDragEnter={[Function]}
              onDragLeave={[Function]}
              onDragOver={[Function]}
              onDrop={[Function]}
            />
            <img
              src="./public/img/12.jpg"
            />
            newFolder
          </li>
        </ul>
      </ul>
    </article>
  </div>
  <article
    className="wonder-asset-assetChildren"
  >
    <article
      className="wonder-asset-folderBox"
      id="folder-86"
      style={
        Object {
          "border": "1px solid red",
        }
      }
    >
      <div
        className="item-ground"
        draggable={true}
        onDragEnd={[Function]}
        onDragEnter={[Function]}
        onDragLeave={[Function]}
        onDragOver={[Function]}
        onDragStart={[Function]}
        onDrop={[Function]}
      />
      <img
        src="./public/img/11.jpg"
      />
      <span
        className="item-text"
      >
        newFolder
      </span>
    </article>
    <article
      className="wonder-asset-folderBox"
      id="folder-87"
      style={
        Object {
          "border": "1px solid red",
        }
      }
    >
      <div
        className="item-ground"
        draggable={true}
        onDragEnd={[Function]}
        onDragEnter={[Function]}
        onDragLeave={[Function]}
        onDragOver={[Function]}
        onDragStart={[Function]}
        onDrop={[Function]}
      />
      <img
        src="./public/img/11.jpg"
      />
      <span
        className="item-text"
      >
        newFolder
      </span>
    </article>
    <article
      className="wonder-asset-fileBox "
      onClick={[Function]}
    >
      <img
        onDragStart={[Function]}
        src="image result"
      />
      <span
        className="item-text"
      >
        img.png
      </span>
    </article>
    <article
      className="wonder-asset-fileBox "
      onClick={[Function]}
    >
      <img
        onDragStart={[Function]}
        src="./public/img/12.jpg"
      />
      <span
        className="item-text"
      >
        json.json
      </span>
    </article>
    <article
      className="wonder-asset-fileBox "
      onClick={[Function]}
    >
      <img
        onDragStart={[Function]}
        src="newImg.png"
      />
      <span
        className="item-text"
      >
        loadImg.png
      </span>
    </article>
    <article
      className="wonder-asset-fileBox "
      onClick={[Function]}
    >
      <img
        onDragStart={[Function]}
        src="./public/img/12.jpg"
      />
      <span
        className="item-text"
      >
        loadJson.json
      </span>
    </article>
  </article>
</article>
`;

exports[`MainEditorAssetHeader test operate treeNode test add folder else, add folder into specific treeNode 1`] = `
<article
  className="wonder-asset-component"
>
  <div
    className="asset-tree"
  >
    <article
      className="wonder-asset-header"
    >
      <div
        className="header-item"
      >
        <button
          onClick={[Function]}
        >
          addFolder
        </button>
      </div>
      <div
        className="header-item"
      >
        <button
          disabled={false}
          onClick={[Function]}
        >
          remove
        </button>
      </div>
      <div
        className="header-item"
      >
        <input
          className="file-upload"
          multiple={true}
          onChange={[Function]}
          type="file"
        />
      </div>
    </article>
    <article
      className="wonder-asset-assetTree"
    >
      <ul
        className="wonder-tree-node"
      >
        <li
          onClick={[Function]}
          style={
            Object {
              "border": "1px solid red",
            }
          }
        >
          <div
            className="item-ground"
            draggable={true}
            onDragEnter={[Function]}
            onDragLeave={[Function]}
            onDragOver={[Function]}
            onDrop={[Function]}
          />
          <img
            src="./public/img/12.jpg"
          />
          Asset
        </li>
        <ul
          className="wonder-tree-node"
          draggable={true}
          onDragEnd={[Function]}
          onDragStart={[Function]}
        >
          <li
            onClick={[Function]}
            style={
              Object {
                "background": "red",
              }
            }
          >
            <div
              className="item-ground"
              draggable={true}
              onDragEnter={[Function]}
              onDragLeave={[Function]}
              onDragOver={[Function]}
              onDrop={[Function]}
            />
            <img
              src="./public/img/12.jpg"
            />
            newFolder
          </li>
          <ul
            className="wonder-tree-node"
            draggable={true}
            onDragEnd={[Function]}
            onDragStart={[Function]}
          >
            <li
              onClick={[Function]}
              style={
                Object {
                  "border": "1px solid red",
                }
              }
            >
              <div
                className="item-ground"
                draggable={true}
                onDragEnter={[Function]}
                onDragLeave={[Function]}
                onDragOver={[Function]}
                onDrop={[Function]}
              />
              <img
                src="./public/img/12.jpg"
              />
              newFolder
            </li>
          </ul>
        </ul>
        <ul
          className="wonder-tree-node"
          draggable={true}
          onDragEnd={[Function]}
          onDragStart={[Function]}
        >
          <li
            onClick={[Function]}
            style={
              Object {
                "border": "1px solid red",
              }
            }
          >
            <div
              className="item-ground"
              draggable={true}
              onDragEnter={[Function]}
              onDragLeave={[Function]}
              onDragOver={[Function]}
              onDrop={[Function]}
            />
            <img
              src="./public/img/12.jpg"
            />
            newFolder
          </li>
        </ul>
      </ul>
    </article>
  </div>
  <article
    className="wonder-asset-assetChildren"
  >
    <article
      className="wonder-asset-folderBox"
      id="folder-23"
      style={
        Object {
          "border": "1px solid red",
        }
      }
    >
      <div
        className="item-ground"
        draggable={true}
        onDragEnd={[Function]}
        onDragEnter={[Function]}
        onDragLeave={[Function]}
        onDragOver={[Function]}
        onDragStart={[Function]}
        onDrop={[Function]}
      />
      <img
        src="./public/img/11.jpg"
      />
      <span
        className="item-text"
      >
        newFolder
      </span>
    </article>
  </article>
</article>
`;

exports[`MainEditorAssetHeader test operate treeNode test add folder if not select specific treeNode, add folder into root treeNode test snapshot 1`] = `
<article
  className="wonder-asset-component"
>
  <div
    className="asset-tree"
  >
    <article
      className="wonder-asset-header"
    >
      <div
        className="header-item"
      >
        <button
          onClick={[Function]}
        >
          addFolder
        </button>
      </div>
      <div
        className="header-item"
      >
        <button
          disabled={true}
          onClick={[Function]}
        >
          remove
        </button>
      </div>
      <div
        className="header-item"
      >
        <input
          className="file-upload"
          multiple={true}
          onChange={[Function]}
          type="file"
        />
      </div>
    </article>
    <article
      className="wonder-asset-assetTree"
    >
      <ul
        className="wonder-tree-node"
      >
        <li
          onClick={[Function]}
          style={
            Object {
              "background": "#c0c0c0",
            }
          }
        >
          <div
            className="item-ground"
            draggable={true}
            onDragEnter={[Function]}
            onDragLeave={[Function]}
            onDragOver={[Function]}
            onDrop={[Function]}
          />
          <img
            src="./public/img/12.jpg"
          />
          Asset
        </li>
        <ul
          className="wonder-tree-node"
          draggable={true}
          onDragEnd={[Function]}
          onDragStart={[Function]}
        >
          <li
            onClick={[Function]}
            style={
              Object {
                "border": "1px solid red",
              }
            }
          >
            <div
              className="item-ground"
              draggable={true}
              onDragEnter={[Function]}
              onDragLeave={[Function]}
              onDragOver={[Function]}
              onDrop={[Function]}
            />
            <img
              src="./public/img/12.jpg"
            />
            newFolder
          </li>
        </ul>
        <ul
          className="wonder-tree-node"
          draggable={true}
          onDragEnd={[Function]}
          onDragStart={[Function]}
        >
          <li
            onClick={[Function]}
            style={
              Object {
                "border": "1px solid red",
              }
            }
          >
            <div
              className="item-ground"
              draggable={true}
              onDragEnter={[Function]}
              onDragLeave={[Function]}
              onDragOver={[Function]}
              onDrop={[Function]}
            />
            <img
              src="./public/img/12.jpg"
            />
            newFolder
          </li>
        </ul>
        <ul
          className="wonder-tree-node"
          draggable={true}
          onDragEnd={[Function]}
          onDragStart={[Function]}
        >
          <li
            onClick={[Function]}
            style={
              Object {
                "border": "1px solid red",
              }
            }
          >
            <div
              className="item-ground"
              draggable={true}
              onDragEnter={[Function]}
              onDragLeave={[Function]}
              onDragOver={[Function]}
              onDrop={[Function]}
            />
            <img
              src="./public/img/12.jpg"
            />
            newFolder
          </li>
        </ul>
      </ul>
    </article>
  </div>
  <article
    className="wonder-asset-assetChildren"
  >
    <article
      className="wonder-asset-folderBox"
      id="folder-2"
      style={
        Object {
          "border": "1px solid red",
        }
      }
    >
      <div
        className="item-ground"
        draggable={true}
        onDragEnd={[Function]}
        onDragEnter={[Function]}
        onDragLeave={[Function]}
        onDragOver={[Function]}
        onDragStart={[Function]}
        onDrop={[Function]}
      />
      <img
        src="./public/img/11.jpg"
      />
      <span
        className="item-text"
      >
        newFolder
      </span>
    </article>
    <article
      className="wonder-asset-folderBox"
      id="folder-3"
      style={
        Object {
          "border": "1px solid red",
        }
      }
    >
      <div
        className="item-ground"
        draggable={true}
        onDragEnd={[Function]}
        onDragEnter={[Function]}
        onDragLeave={[Function]}
        onDragOver={[Function]}
        onDragStart={[Function]}
        onDrop={[Function]}
      />
      <img
        src="./public/img/11.jpg"
      />
      <span
        className="item-text"
      >
        newFolder
      </span>
    </article>
    <article
      className="wonder-asset-fileBox "
      onClick={[Function]}
    >
      <img
        onDragStart={[Function]}
        src="image result"
      />
      <span
        className="item-text"
      >
        img.png
      </span>
    </article>
    <article
      className="wonder-asset-fileBox "
      onClick={[Function]}
    >
      <img
        onDragStart={[Function]}
        src="./public/img/12.jpg"
      />
      <span
        className="item-text"
      >
        json.json
      </span>
    </article>
    <article
      className="wonder-asset-folderBox"
      id="folder-6"
      style={
        Object {
          "border": "1px solid red",
        }
      }
    >
      <div
        className="item-ground"
        draggable={true}
        onDragEnd={[Function]}
        onDragEnter={[Function]}
        onDragLeave={[Function]}
        onDragOver={[Function]}
        onDragStart={[Function]}
        onDrop={[Function]}
      />
      <img
        src="./public/img/11.jpg"
      />
      <span
        className="item-text"
      >
        newFolder
      </span>
    </article>
  </article>
</article>
`;

exports[`MainEditorAssetHeader test operate treeNode test remove tree node else test snapshot remove-button's disabled props should == false 1`] = `
<article
  className="wonder-asset-component"
>
  <div
    className="asset-tree"
  >
    <article
      className="wonder-asset-header"
    >
      <div
        className="header-item"
      >
        <button
          onClick={[Function]}
        >
          addFolder
        </button>
      </div>
      <div
        className="header-item"
      >
        <button
          disabled={true}
          onClick={[Function]}
        >
          remove
        </button>
      </div>
      <div
        className="header-item"
      >
        <input
          className="file-upload"
          multiple={true}
          onChange={[Function]}
          type="file"
        />
      </div>
    </article>
    <article
      className="wonder-asset-assetTree"
    >
      <ul
        className="wonder-tree-node"
      >
        <li
          onClick={[Function]}
          style={
            Object {
              "background": "#c0c0c0",
            }
          }
        >
          <div
            className="item-ground"
            draggable={true}
            onDragEnter={[Function]}
            onDragLeave={[Function]}
            onDragOver={[Function]}
            onDrop={[Function]}
          />
          <img
            src="./public/img/12.jpg"
          />
          Asset
        </li>
        <ul
          className="wonder-tree-node"
          draggable={true}
          onDragEnd={[Function]}
          onDragStart={[Function]}
        >
          <li
            onClick={[Function]}
            style={
              Object {
                "border": "1px solid red",
              }
            }
          >
            <div
              className="item-ground"
              draggable={true}
              onDragEnter={[Function]}
              onDragLeave={[Function]}
              onDragOver={[Function]}
              onDrop={[Function]}
            />
            <img
              src="./public/img/12.jpg"
            />
            newFolder
          </li>
        </ul>
        <ul
          className="wonder-tree-node"
          draggable={true}
          onDragEnd={[Function]}
          onDragStart={[Function]}
        >
          <li
            onClick={[Function]}
            style={
              Object {
                "border": "1px solid red",
              }
            }
          >
            <div
              className="item-ground"
              draggable={true}
              onDragEnter={[Function]}
              onDragLeave={[Function]}
              onDragOver={[Function]}
              onDrop={[Function]}
            />
            <img
              src="./public/img/12.jpg"
            />
            newFolder
          </li>
        </ul>
      </ul>
    </article>
  </div>
  <article
    className="wonder-asset-assetChildren"
  >
    <article
      className="wonder-asset-folderBox"
      id="folder-30"
      style={
        Object {
          "border": "1px solid red",
        }
      }
    >
      <div
        className="item-ground"
        draggable={true}
        onDragEnd={[Function]}
        onDragEnter={[Function]}
        onDragLeave={[Function]}
        onDragOver={[Function]}
        onDragStart={[Function]}
        onDrop={[Function]}
      />
      <img
        src="./public/img/11.jpg"
      />
      <span
        className="item-text"
      >
        newFolder
      </span>
    </article>
    <article
      className="wonder-asset-folderBox"
      id="folder-31"
      style={
        Object {
          "border": "1px solid red",
        }
      }
    >
      <div
        className="item-ground"
        draggable={true}
        onDragEnd={[Function]}
        onDragEnter={[Function]}
        onDragLeave={[Function]}
        onDragOver={[Function]}
        onDragStart={[Function]}
        onDrop={[Function]}
      />
      <img
        src="./public/img/11.jpg"
      />
      <span
        className="item-text"
      >
        newFolder
      </span>
    </article>
    <article
      className="wonder-asset-fileBox "
      onClick={[Function]}
    >
      <img
        onDragStart={[Function]}
        src="image result"
      />
      <span
        className="item-text"
      >
        img.png
      </span>
    </article>
    <article
      className="wonder-asset-fileBox "
      onClick={[Function]}
    >
      <img
        onDragStart={[Function]}
        src="./public/img/12.jpg"
      />
      <span
        className="item-text"
      >
        json.json
      </span>
    </article>
  </article>
</article>
`;

exports[`MainEditorAssetHeader test operate treeNode test remove tree node else test snapshot test select file select img;
                click remove-button;
                should remove it from assetTreeRoot 1`] = `
<article
  className="wonder-asset-component"
>
  <div
    className="asset-tree"
  >
    <article
      className="wonder-asset-header"
    >
      <div
        className="header-item"
      >
        <button
          onClick={[Function]}
        >
          addFolder
        </button>
      </div>
      <div
        className="header-item"
      >
        <button
          disabled={true}
          onClick={[Function]}
        >
          remove
        </button>
      </div>
      <div
        className="header-item"
      >
        <input
          className="file-upload"
          multiple={true}
          onChange={[Function]}
          type="file"
        />
      </div>
    </article>
    <article
      className="wonder-asset-assetTree"
    >
      <ul
        className="wonder-tree-node"
      >
        <li
          onClick={[Function]}
          style={
            Object {
              "background": "#c0c0c0",
            }
          }
        >
          <div
            className="item-ground"
            draggable={true}
            onDragEnter={[Function]}
            onDragLeave={[Function]}
            onDragOver={[Function]}
            onDrop={[Function]}
          />
          <img
            src="./public/img/12.jpg"
          />
          Asset
        </li>
        <ul
          className="wonder-tree-node"
          draggable={true}
          onDragEnd={[Function]}
          onDragStart={[Function]}
        >
          <li
            onClick={[Function]}
            style={
              Object {
                "border": "1px solid red",
              }
            }
          >
            <div
              className="item-ground"
              draggable={true}
              onDragEnter={[Function]}
              onDragLeave={[Function]}
              onDragOver={[Function]}
              onDrop={[Function]}
            />
            <img
              src="./public/img/12.jpg"
            />
            newFolder
          </li>
        </ul>
        <ul
          className="wonder-tree-node"
          draggable={true}
          onDragEnd={[Function]}
          onDragStart={[Function]}
        >
          <li
            onClick={[Function]}
            style={
              Object {
                "border": "1px solid red",
              }
            }
          >
            <div
              className="item-ground"
              draggable={true}
              onDragEnter={[Function]}
              onDragLeave={[Function]}
              onDragOver={[Function]}
              onDrop={[Function]}
            />
            <img
              src="./public/img/12.jpg"
            />
            newFolder
          </li>
        </ul>
      </ul>
    </article>
  </div>
  <article
    className="wonder-asset-assetChildren"
  >
    <article
      className="wonder-asset-folderBox"
      id="folder-40"
      style={
        Object {
          "border": "1px solid red",
        }
      }
    >
      <div
        className="item-ground"
        draggable={true}
        onDragEnd={[Function]}
        onDragEnter={[Function]}
        onDragLeave={[Function]}
        onDragOver={[Function]}
        onDragStart={[Function]}
        onDrop={[Function]}
      />
      <img
        src="./public/img/11.jpg"
      />
      <span
        className="item-text"
      >
        newFolder
      </span>
    </article>
    <article
      className="wonder-asset-folderBox"
      id="folder-41"
      style={
        Object {
          "border": "1px solid red",
        }
      }
    >
      <div
        className="item-ground"
        draggable={true}
        onDragEnd={[Function]}
        onDragEnter={[Function]}
        onDragLeave={[Function]}
        onDragOver={[Function]}
        onDragStart={[Function]}
        onDrop={[Function]}
      />
      <img
        src="./public/img/11.jpg"
      />
      <span
        className="item-text"
      >
        newFolder
      </span>
    </article>
    <article
      className="wonder-asset-fileBox "
      onClick={[Function]}
    >
      <img
        onDragStart={[Function]}
        src="./public/img/12.jpg"
      />
      <span
        className="item-text"
      >
        json.json
      </span>
    </article>
  </article>
</article>
`;

exports[`MainEditorAssetHeader test operate treeNode test remove tree node else test snapshot test select file select json is currentNode;
                click remove-button;
                should remove it from assetTreeRoot 1`] = `
<article
  className="wonder-asset-component"
>
  <div
    className="asset-tree"
  >
    <article
      className="wonder-asset-header"
    >
      <div
        className="header-item"
      >
        <button
          onClick={[Function]}
        >
          addFolder
        </button>
      </div>
      <div
        className="header-item"
      >
        <button
          disabled={true}
          onClick={[Function]}
        >
          remove
        </button>
      </div>
      <div
        className="header-item"
      >
        <input
          className="file-upload"
          multiple={true}
          onChange={[Function]}
          type="file"
        />
      </div>
    </article>
    <article
      className="wonder-asset-assetTree"
    >
      <ul
        className="wonder-tree-node"
      >
        <li
          onClick={[Function]}
          style={
            Object {
              "background": "#c0c0c0",
            }
          }
        >
          <div
            className="item-ground"
            draggable={true}
            onDragEnter={[Function]}
            onDragLeave={[Function]}
            onDragOver={[Function]}
            onDrop={[Function]}
          />
          <img
            src="./public/img/12.jpg"
          />
          Asset
        </li>
        <ul
          className="wonder-tree-node"
          draggable={true}
          onDragEnd={[Function]}
          onDragStart={[Function]}
        >
          <li
            onClick={[Function]}
            style={
              Object {
                "border": "1px solid red",
              }
            }
          >
            <div
              className="item-ground"
              draggable={true}
              onDragEnter={[Function]}
              onDragLeave={[Function]}
              onDragOver={[Function]}
              onDrop={[Function]}
            />
            <img
              src="./public/img/12.jpg"
            />
            newFolder
          </li>
        </ul>
        <ul
          className="wonder-tree-node"
          draggable={true}
          onDragEnd={[Function]}
          onDragStart={[Function]}
        >
          <li
            onClick={[Function]}
            style={
              Object {
                "border": "1px solid red",
              }
            }
          >
            <div
              className="item-ground"
              draggable={true}
              onDragEnter={[Function]}
              onDragLeave={[Function]}
              onDragOver={[Function]}
              onDrop={[Function]}
            />
            <img
              src="./public/img/12.jpg"
            />
            newFolder
          </li>
        </ul>
      </ul>
    </article>
  </div>
  <article
    className="wonder-asset-assetChildren"
  >
    <article
      className="wonder-asset-folderBox"
      id="folder-45"
      style={
        Object {
          "border": "1px solid red",
        }
      }
    >
      <div
        className="item-ground"
        draggable={true}
        onDragEnd={[Function]}
        onDragEnter={[Function]}
        onDragLeave={[Function]}
        onDragOver={[Function]}
        onDragStart={[Function]}
        onDrop={[Function]}
      />
      <img
        src="./public/img/11.jpg"
      />
      <span
        className="item-text"
      >
        newFolder
      </span>
    </article>
    <article
      className="wonder-asset-folderBox"
      id="folder-46"
      style={
        Object {
          "border": "1px solid red",
        }
      }
    >
      <div
        className="item-ground"
        draggable={true}
        onDragEnd={[Function]}
        onDragEnter={[Function]}
        onDragLeave={[Function]}
        onDragOver={[Function]}
        onDragStart={[Function]}
        onDrop={[Function]}
      />
      <img
        src="./public/img/11.jpg"
      />
      <span
        className="item-text"
      >
        newFolder
      </span>
    </article>
    <article
      className="wonder-asset-fileBox "
      onClick={[Function]}
    >
      <img
        onDragStart={[Function]}
        src="image result"
      />
      <span
        className="item-text"
      >
        img.png
      </span>
    </article>
  </article>
</article>
`;

exports[`MainEditorAssetHeader test operate treeNode test remove tree node else test snapshot test select folder click remove-button should remove folder from assetTreeRoot 1`] = `
<article
  className="wonder-asset-component"
>
  <div
    className="asset-tree"
  >
    <article
      className="wonder-asset-header"
    >
      <div
        className="header-item"
      >
        <button
          onClick={[Function]}
        >
          addFolder
        </button>
      </div>
      <div
        className="header-item"
      >
        <button
          disabled={true}
          onClick={[Function]}
        >
          remove
        </button>
      </div>
      <div
        className="header-item"
      >
        <input
          className="file-upload"
          multiple={true}
          onChange={[Function]}
          type="file"
        />
      </div>
    </article>
    <article
      className="wonder-asset-assetTree"
    >
      <ul
        className="wonder-tree-node"
      >
        <li
          onClick={[Function]}
          style={
            Object {
              "background": "#c0c0c0",
            }
          }
        >
          <div
            className="item-ground"
            draggable={true}
            onDragEnter={[Function]}
            onDragLeave={[Function]}
            onDragOver={[Function]}
            onDrop={[Function]}
          />
          <img
            src="./public/img/12.jpg"
          />
          Asset
        </li>
        <ul
          className="wonder-tree-node"
          draggable={true}
          onDragEnd={[Function]}
          onDragStart={[Function]}
        >
          <li
            onClick={[Function]}
            style={
              Object {
                "border": "1px solid red",
              }
            }
          >
            <div
              className="item-ground"
              draggable={true}
              onDragEnter={[Function]}
              onDragLeave={[Function]}
              onDragOver={[Function]}
              onDrop={[Function]}
            />
            <img
              src="./public/img/12.jpg"
            />
            newFolder
          </li>
        </ul>
      </ul>
    </article>
  </div>
  <article
    className="wonder-asset-assetChildren"
  >
    <article
      className="wonder-asset-folderBox"
      id="folder-36"
      style={
        Object {
          "border": "1px solid red",
        }
      }
    >
      <div
        className="item-ground"
        draggable={true}
        onDragEnd={[Function]}
        onDragEnter={[Function]}
        onDragLeave={[Function]}
        onDragOver={[Function]}
        onDragStart={[Function]}
        onDrop={[Function]}
      />
      <img
        src="./public/img/11.jpg"
      />
      <span
        className="item-text"
      >
        newFolder
      </span>
    </article>
    <article
      className="wonder-asset-fileBox "
      onClick={[Function]}
    >
      <img
        onDragStart={[Function]}
        src="image result"
      />
      <span
        className="item-text"
      >
        img.png
      </span>
    </article>
    <article
      className="wonder-asset-fileBox "
      onClick={[Function]}
    >
      <img
        onDragStart={[Function]}
        src="./public/img/12.jpg"
      />
      <span
        className="item-text"
      >
        json.json
      </span>
    </article>
  </article>
</article>
`;

exports[`MainEditorAssetHeader test operate treeNode test remove tree node if not select specific treeNode, remove-button's disabled props should == true  1`] = `
<article
  className="wonder-asset-component"
>
  <div
    className="asset-tree"
  >
    <article
      className="wonder-asset-header"
    >
      <div
        className="header-item"
      >
        <button
          onClick={[Function]}
        >
          addFolder
        </button>
      </div>
      <div
        className="header-item"
      >
        <button
          disabled={true}
          onClick={[Function]}
        >
          remove
        </button>
      </div>
      <div
        className="header-item"
      >
        <input
          className="file-upload"
          multiple={true}
          onChange={[Function]}
          type="file"
        />
      </div>
    </article>
    <article
      className="wonder-asset-assetTree"
    >
      <ul
        className="wonder-tree-node"
      >
        <li
          onClick={[Function]}
          style={
            Object {
              "background": "#c0c0c0",
            }
          }
        >
          <div
            className="item-ground"
            draggable={true}
            onDragEnter={[Function]}
            onDragLeave={[Function]}
            onDragOver={[Function]}
            onDrop={[Function]}
          />
          <img
            src="./public/img/12.jpg"
          />
          Asset
        </li>
        <ul
          className="wonder-tree-node"
          draggable={true}
          onDragEnd={[Function]}
          onDragStart={[Function]}
        >
          <li
            onClick={[Function]}
            style={
              Object {
                "border": "1px solid red",
              }
            }
          >
            <div
              className="item-ground"
              draggable={true}
              onDragEnter={[Function]}
              onDragLeave={[Function]}
              onDragOver={[Function]}
              onDrop={[Function]}
            />
            <img
              src="./public/img/12.jpg"
            />
            newFolder
          </li>
        </ul>
        <ul
          className="wonder-tree-node"
          draggable={true}
          onDragEnd={[Function]}
          onDragStart={[Function]}
        >
          <li
            onClick={[Function]}
            style={
              Object {
                "border": "1px solid red",
              }
            }
          >
            <div
              className="item-ground"
              draggable={true}
              onDragEnter={[Function]}
              onDragLeave={[Function]}
              onDragOver={[Function]}
              onDrop={[Function]}
            />
            <img
              src="./public/img/12.jpg"
            />
            newFolder
          </li>
        </ul>
      </ul>
    </article>
  </div>
  <article
    className="wonder-asset-assetChildren"
  >
    <article
      className="wonder-asset-folderBox"
      id="folder-25"
      style={
        Object {
          "border": "1px solid red",
        }
      }
    >
      <div
        className="item-ground"
        draggable={true}
        onDragEnd={[Function]}
        onDragEnter={[Function]}
        onDragLeave={[Function]}
        onDragOver={[Function]}
        onDragStart={[Function]}
        onDrop={[Function]}
      />
      <img
        src="./public/img/11.jpg"
      />
      <span
        className="item-text"
      >
        newFolder
      </span>
    </article>
    <article
      className="wonder-asset-folderBox"
      id="folder-26"
      style={
        Object {
          "border": "1px solid red",
        }
      }
    >
      <div
        className="item-ground"
        draggable={true}
        onDragEnd={[Function]}
        onDragEnter={[Function]}
        onDragLeave={[Function]}
        onDragOver={[Function]}
        onDragStart={[Function]}
        onDrop={[Function]}
      />
      <img
        src="./public/img/11.jpg"
      />
      <span
        className="item-text"
      >
        newFolder
      </span>
    </article>
    <article
      className="wonder-asset-fileBox "
      onClick={[Function]}
    >
      <img
        onDragStart={[Function]}
        src="image result"
      />
      <span
        className="item-text"
      >
        img.png
      </span>
    </article>
    <article
      className="wonder-asset-fileBox "
      onClick={[Function]}
    >
      <img
        onDragStart={[Function]}
        src="./public/img/12.jpg"
      />
      <span
        className="item-text"
      >
        json.json
      </span>
    </article>
  </article>
</article>
`;
