// Jest Snapshot v1, https://goo.gl/fbAQLP

exports[`MainEditorAssetHeader->loadFile test load file test logic test should add into nodeMap test imageBase64Map test show texture image, get it base64 from imageBase64Map 1`] = `
<article
  className="wonder-asset-component"
>
  <div
    className="asset-tree"
  >
    <article
      className="wonder-asset-header"
    >
      <div
        className="header-item"
      >
        <button
          onClick={[Function]}
        >
          addFolder
        </button>
      </div>
      <div
        className="header-item"
      >
        <button
          disabled={true}
          onClick={[Function]}
        >
          remove
        </button>
      </div>
      <div
        className="header-item"
      >
        <input
          className="file-upload"
          multiple={true}
          onChange={[Function]}
          type="file"
        />
      </div>
      <div
        className=""
      >
        <button
          onClick={[Function]}
        >
          addMaterial
        </button>
      </div>
    </article>
    <article
      className="wonder-asset-assetTree"
    >
      <ul
        className="wonder-tree-node"
      >
        <li
          onClick={[Function]}
          style={
            Object {
              "background": "#c0c0c0",
            }
          }
        >
          <div
            className="item-ground"
            draggable={true}
            onDragEnter={[Function]}
            onDragLeave={[Function]}
            onDragOver={[Function]}
            onDrop={[Function]}
          />
          <img
            src="./public/img/12.jpg"
          />
          Assets
        </li>
        <ul
          className="wonder-tree-node"
          draggable={true}
          onDragEnd={[Function]}
          onDragStart={[Function]}
        >
          <li
            onClick={[Function]}
            style={
              Object {
                "border": "1px solid red",
              }
            }
          >
            <div
              className="item-ground"
              draggable={true}
              onDragEnter={[Function]}
              onDragLeave={[Function]}
              onDragOver={[Function]}
              onDrop={[Function]}
            />
            <img
              src="./public/img/12.jpg"
            />
            newFolder
          </li>
        </ul>
        <ul
          className="wonder-tree-node"
          draggable={true}
          onDragEnd={[Function]}
          onDragStart={[Function]}
        >
          <li
            onClick={[Function]}
            style={
              Object {
                "border": "1px solid red",
              }
            }
          >
            <div
              className="item-ground"
              draggable={true}
              onDragEnter={[Function]}
              onDragLeave={[Function]}
              onDragOver={[Function]}
              onDrop={[Function]}
            />
            <img
              src="./public/img/12.jpg"
            />
            newFolder 1
          </li>
        </ul>
      </ul>
    </article>
  </div>
  <article
    className="wonder-asset-assetChildren"
  >
    <article
      className="wonder-asset-folderBox"
      id="folder-4"
      style={
        Object {
          "border": "1px solid red",
        }
      }
    >
      <div
        className="item-ground"
        draggable={true}
        onDragEnd={[Function]}
        onDragEnter={[Function]}
        onDragLeave={[Function]}
        onDragOver={[Function]}
        onDragStart={[Function]}
        onDrop={[Function]}
      />
      <img
        src="./public/img/11.jpg"
      />
      <span
        className="item-text"
      >
        newFolder
      </span>
    </article>
    <article
      className="wonder-asset-folderBox"
      id="folder-5"
      style={
        Object {
          "border": "1px solid red",
        }
      }
    >
      <div
        className="item-ground"
        draggable={true}
        onDragEnd={[Function]}
        onDragEnter={[Function]}
        onDragLeave={[Function]}
        onDragOver={[Function]}
        onDragStart={[Function]}
        onDrop={[Function]}
      />
      <img
        src="./public/img/11.jpg"
      />
      <span
        className="item-text"
      >
        newFolder 1
      </span>
    </article>
    <article
      className="wonder-asset-fileBox "
      onClick={[Function]}
    >
      <img
        onDragStart={[Function]}
        src="texture3img"
      />
      <span
        className="item-text"
      >
        texture3
      </span>
    </article>
    <article
      className="wonder-asset-fileBox "
      onClick={[Function]}
    >
      <img
        onDragStart={[Function]}
        src="./public/img/12.jpg"
      />
      <span
        className="item-text"
      >
        json.json
      </span>
    </article>
    <article
      className="wonder-asset-fileBox "
      onClick={[Function]}
    >
      <img
        onDragStart={[Function]}
        src="texture5img"
      />
      <span
        className="item-text"
      >
        texture5
      </span>
    </article>
    <article
      className="wonder-asset-fileBox "
      onClick={[Function]}
    >
      <img
        onDragStart={[Function]}
        src="newImgBase64"
      />
      <span
        className="item-text"
      >
        loadImg
      </span>
    </article>
    <article
      className="wonder-asset-fileBox "
      onClick={[Function]}
    >
      <img
        onDragStart={[Function]}
        src="./public/img/12.jpg"
      />
      <span
        className="item-text"
      >
        loadJson.json
      </span>
    </article>
  </article>
</article>
`;

exports[`MainEditorAssetHeader->loadFile test load file test snapshot if not select specific treeNode load file should add into root node children 1`] = `
<article
  className="wonder-asset-component"
>
  <div
    className="asset-tree"
  >
    <article
      className="wonder-asset-header"
    >
      <div
        className="header-item"
      >
        <button
          onClick={[Function]}
        >
          addFolder
        </button>
      </div>
      <div
        className="header-item"
      >
        <button
          disabled={true}
          onClick={[Function]}
        >
          remove
        </button>
      </div>
      <div
        className="header-item"
      >
        <input
          className="file-upload"
          multiple={true}
          onChange={[Function]}
          type="file"
        />
      </div>
      <div
        className=""
      >
        <button
          onClick={[Function]}
        >
          addMaterial
        </button>
      </div>
    </article>
    <article
      className="wonder-asset-assetTree"
    >
      <ul
        className="wonder-tree-node"
      >
        <li
          onClick={[Function]}
          style={
            Object {
              "background": "#c0c0c0",
            }
          }
        >
          <div
            className="item-ground"
            draggable={true}
            onDragEnter={[Function]}
            onDragLeave={[Function]}
            onDragOver={[Function]}
            onDrop={[Function]}
          />
          <img
            src="./public/img/12.jpg"
          />
          Assets
        </li>
        <ul
          className="wonder-tree-node"
          draggable={true}
          onDragEnd={[Function]}
          onDragStart={[Function]}
        >
          <li
            onClick={[Function]}
            style={
              Object {
                "border": "1px solid red",
              }
            }
          >
            <div
              className="item-ground"
              draggable={true}
              onDragEnter={[Function]}
              onDragLeave={[Function]}
              onDragOver={[Function]}
              onDrop={[Function]}
            />
            <img
              src="./public/img/12.jpg"
            />
            newFolder
          </li>
        </ul>
        <ul
          className="wonder-tree-node"
          draggable={true}
          onDragEnd={[Function]}
          onDragStart={[Function]}
        >
          <li
            onClick={[Function]}
            style={
              Object {
                "border": "1px solid red",
              }
            }
          >
            <div
              className="item-ground"
              draggable={true}
              onDragEnter={[Function]}
              onDragLeave={[Function]}
              onDragOver={[Function]}
              onDrop={[Function]}
            />
            <img
              src="./public/img/12.jpg"
            />
            newFolder 1
          </li>
        </ul>
      </ul>
    </article>
  </div>
  <article
    className="wonder-asset-assetChildren"
  >
    <article
      className="wonder-asset-folderBox"
      id="folder-4"
      style={
        Object {
          "border": "1px solid red",
        }
      }
    >
      <div
        className="item-ground"
        draggable={true}
        onDragEnd={[Function]}
        onDragEnter={[Function]}
        onDragLeave={[Function]}
        onDragOver={[Function]}
        onDragStart={[Function]}
        onDrop={[Function]}
      />
      <img
        src="./public/img/11.jpg"
      />
      <span
        className="item-text"
      >
        newFolder
      </span>
    </article>
    <article
      className="wonder-asset-folderBox"
      id="folder-5"
      style={
        Object {
          "border": "1px solid red",
        }
      }
    >
      <div
        className="item-ground"
        draggable={true}
        onDragEnd={[Function]}
        onDragEnter={[Function]}
        onDragLeave={[Function]}
        onDragOver={[Function]}
        onDragStart={[Function]}
        onDrop={[Function]}
      />
      <img
        src="./public/img/11.jpg"
      />
      <span
        className="item-text"
      >
        newFolder 1
      </span>
    </article>
    <article
      className="wonder-asset-fileBox "
      onClick={[Function]}
    >
      <img
        onDragStart={[Function]}
        src="texture3img"
      />
      <span
        className="item-text"
      >
        texture3
      </span>
    </article>
    <article
      className="wonder-asset-fileBox "
      onClick={[Function]}
    >
      <img
        onDragStart={[Function]}
        src="./public/img/12.jpg"
      />
      <span
        className="item-text"
      >
        json.json
      </span>
    </article>
    <article
      className="wonder-asset-fileBox "
      onClick={[Function]}
    >
      <img
        onDragStart={[Function]}
        src="texture5img"
      />
      <span
        className="item-text"
      >
        texture5
      </span>
    </article>
    <article
      className="wonder-asset-fileBox "
      onClick={[Function]}
    >
      <img
        onDragStart={[Function]}
        src="newImgBase64"
      />
      <span
        className="item-text"
      >
        loadImg
      </span>
    </article>
    <article
      className="wonder-asset-fileBox "
      onClick={[Function]}
    >
      <img
        onDragStart={[Function]}
        src="./public/img/12.jpg"
      />
      <span
        className="item-text"
      >
        loadJson.json
      </span>
    </article>
  </article>
</article>
`;
