// Jest Snapshot v1, https://goo.gl/fbAQLP

exports[`MainEditorAssetHeader->remove node test remove tree node else remove-button's disabled props should == false 1`] = `
<article
  className="wonder-asset-component"
>
  <div
    className="asset-tree"
  >
    <article
      className="wonder-asset-header"
    >
      <div
        className="asset-header-item"
        onClick={[Function]}
      >
        <div
          className="item-canBeClick"
        >
          <img
            src="./public/img/add.png"
          />
        </div>
      </div>
      <div
        className="asset-header-item"
        onClick={[Function]}
      >
        <div
          className="item-canBeClick"
        >
          <img
            src="./public/img/remove.png"
          />
        </div>
      </div>
      <div
        className="asset-header-item"
      >
        <div
          className="item-canBeClick"
        >
          <img
            src="./public/img/load.png"
          />
          <input
            className="asset-fileLoad"
            multiple={true}
            onChange={[Function]}
            type="file"
          />
        </div>
      </div>
    </article>
    <article
      className="wonder-asset-assetTree"
    >
      <ul
        className="wonder-tree-node"
      >
        <li
          style={
            Object {
              "border": "0px",
            }
          }
        >
          <div
            className="item-ground"
            draggable={true}
            onClick={[Function]}
            onDragEnter={[Function]}
            onDragLeave={[Function]}
            onDragOver={[Function]}
            onDrop={[Function]}
          />
          <div
            className="item-triangle"
            onClick={[Function]}
          >
            <img
              src="./public/img/down.png"
            />
          </div>
          <img
            className="treeNode-icon"
            src="./public/img/package.png"
          />
          Assets
        </li>
        <ul
          className="wonder-tree-node"
          draggable={true}
          onDragEnd={[Function]}
          onDragStart={[Function]}
        >
          <li
            style={
              Object {
                "background": "#5C7EA6",
              }
            }
          >
            <div
              className="item-ground"
              draggable={true}
              onClick={[Function]}
              onDragEnter={[Function]}
              onDragLeave={[Function]}
              onDragOver={[Function]}
              onDrop={[Function]}
            />
            <div
              className="item-triangle"
            />
            <img
              className="treeNode-icon"
              src="./public/img/package.png"
            />
            newFolder
          </li>
        </ul>
      </ul>
    </article>
  </div>
  <article
    className="wonder-asset-assetChildren"
  />
</article>
`;

exports[`MainEditorAssetHeader->remove node test remove tree node else test select file test select wdb drag asset wdb into scene;
              select wdb to be currentNode;
              click remove-button;
               cloned gameObjects of the asset wdb in the scene tree should be removed 1`] = `
<article
  className="wonder-sceneTree-component"
>
  <article
    className="wonder-drag-tree"
  >
    <ul
      className="wonder-tree-node"
      draggable={true}
      onDragEnd={[Function]}
      onDragStart={[Function]}
    >
      <li
        style={
          Object {
            "border": "0px",
          }
        }
      >
        <div
          className="item-ground"
          draggable={true}
          onClick={[Function]}
          onDragEnter={[Function]}
          onDragLeave={[Function]}
          onDragOver={[Function]}
          onDrop={[Function]}
        />
        <div
          className="item-triangle"
          onClick={[Function]}
        >
          <img
            src="./public/img/down.png"
          />
        </div>
        cube
      </li>
      <ul
        className="wonder-tree-node"
        draggable={true}
        onDragEnd={[Function]}
        onDragStart={[Function]}
      >
        <li
          style={
            Object {
              "border": "0px",
            }
          }
        >
          <div
            className="item-ground"
            draggable={true}
            onClick={[Function]}
            onDragEnter={[Function]}
            onDragLeave={[Function]}
            onDragOver={[Function]}
            onDrop={[Function]}
          />
          <div
            className="item-triangle"
          />
          cube
        </li>
      </ul>
    </ul>
    <ul
      className="wonder-tree-node"
      draggable={true}
      onDragEnd={[Function]}
      onDragStart={[Function]}
    >
      <li
        style={
          Object {
            "border": "0px",
          }
        }
      >
        <div
          className="item-ground"
          draggable={true}
          onClick={[Function]}
          onDragEnter={[Function]}
          onDragLeave={[Function]}
          onDragOver={[Function]}
          onDrop={[Function]}
        />
        <div
          className="item-triangle"
        />
        cube
      </li>
    </ul>
    <ul
      className="wonder-tree-node"
      draggable={true}
      onDragEnd={[Function]}
      onDragStart={[Function]}
    >
      <li
        style={
          Object {
            "border": "0px",
          }
        }
      >
        <div
          className="item-ground"
          draggable={true}
          onClick={[Function]}
          onDragEnter={[Function]}
          onDragLeave={[Function]}
          onDragOver={[Function]}
          onDrop={[Function]}
        />
        <div
          className="item-triangle"
        />
        cube
      </li>
    </ul>
    <div
      className="wonder-disable-drag"
      onDragEnter={[Function]}
      onDragLeave={[Function]}
      onDragOver={[Function]}
      onDrop={[Function]}
      style={
        Object {
          "backgroundColor": "#666666",
        }
      }
    />
  </article>
</article>
`;

exports[`MainEditorAssetHeader->remove node test remove tree node else test select file test select wdb drag asset wdb into scene;
              select wdb to be currentNode;
              click remove-button;
               the geometry of the asset wdb should be removed 1`] = `
<article
  className="wonder-inspector-geometry"
>
  <div
    className="geometry-select"
  >
    Cube
    <span
      className="select-title"
      onClick={[Function]}
    >
      select
    </span>
  </div>
  <div
    className="select-component-content"
  >
    <div
      className="select-component-item"
    >
      <div
        className="item-header"
      >
        Geometry
      </div>
      <div
        className="item-content item-active"
        onClick={[Function]}
      >
        Cube
      </div>
      <div
        className="item-content"
        onClick={[Function]}
      >
        Sphere
      </div>
    </div>
    <div
      className="select-component-bg"
      onClick={[Function]}
    />
  </div>
</article>
`;

exports[`MainEditorAssetHeader->remove node test remove tree node else test select file test select wdb load BoxTextured.wdb;
              remove BoxTextured.wdb;
              load Scene.wdb;
              load BoxTextured.wdb;

              the MainEditorAssetChildrenNode panel should show "Scene","Boxtextured"
                 1`] = `
<article
  className="wonder-asset-component"
>
  <div
    className="asset-tree"
  >
    <article
      className="wonder-asset-header"
    >
      <div
        className="asset-header-item"
        onClick={[Function]}
      >
        <div
          className="item-canBeClick"
        >
          <img
            src="./public/img/add.png"
          />
        </div>
      </div>
      <div
        className="asset-header-item"
        onClick={[Function]}
      >
        <div
          className="item-notBeClick"
        >
          <img
            src="./public/img/notRemove.png"
          />
        </div>
      </div>
      <div
        className="asset-header-item"
      >
        <div
          className="item-canBeClick"
        >
          <img
            src="./public/img/load.png"
          />
          <input
            className="asset-fileLoad"
            multiple={true}
            onChange={[Function]}
            type="file"
          />
        </div>
      </div>
    </article>
    <article
      className="wonder-asset-assetTree"
    >
      <ul
        className="wonder-tree-node"
      >
        <li
          style={
            Object {
              "background": "rgba(255,255,255,0.2)",
            }
          }
        >
          <div
            className="item-ground"
            draggable={true}
            onClick={[Function]}
            onDragEnter={[Function]}
            onDragLeave={[Function]}
            onDragOver={[Function]}
            onDrop={[Function]}
          />
          <div
            className="item-triangle"
          />
          <img
            className="treeNode-icon"
            src="./public/img/package.png"
          />
          Assets
        </li>
      </ul>
    </article>
  </div>
  <article
    className="wonder-asset-assetChildren"
  >
    <article
      className="wonder-asset-fileBox "
      onClick={[Function]}
    >
      <div
        className="box-image"
      >
        <img
          onDragStart={[Function]}
          src="./public/img/wdb.png"
        />
      </div>
      <div
        className="item-text "
      >
        <span>
          Scene
        </span>
      </div>
    </article>
    <article
      className="wonder-asset-fileBox "
      onClick={[Function]}
    >
      <div
        className="box-image"
      >
        <img
          onDragStart={[Function]}
          src="./public/img/wdb.png"
        />
      </div>
      <div
        className="item-text "
      >
        <span>
          BoxTextured
        </span>
      </div>
    </article>
  </article>
</article>
`;

exports[`MainEditorAssetHeader->remove node test remove tree node else test select file test texture select texture;
            click remove-button;
             should remove it from assetTreeRoot 1`] = `
<article
  className="wonder-asset-component"
>
  <div
    className="asset-tree"
  >
    <article
      className="wonder-asset-header"
    >
      <div
        className="asset-header-item"
        onClick={[Function]}
      >
        <div
          className="item-canBeClick"
        >
          <img
            src="./public/img/add.png"
          />
        </div>
      </div>
      <div
        className="asset-header-item"
        onClick={[Function]}
      >
        <div
          className="item-notBeClick"
        >
          <img
            src="./public/img/notRemove.png"
          />
        </div>
      </div>
      <div
        className="asset-header-item"
      >
        <div
          className="item-canBeClick"
        >
          <img
            src="./public/img/load.png"
          />
          <input
            className="asset-fileLoad"
            multiple={true}
            onChange={[Function]}
            type="file"
          />
        </div>
      </div>
    </article>
    <article
      className="wonder-asset-assetTree"
    >
      <ul
        className="wonder-tree-node"
      >
        <li
          style={
            Object {
              "background": "rgba(255,255,255,0.2)",
            }
          }
        >
          <div
            className="item-ground"
            draggable={true}
            onClick={[Function]}
            onDragEnter={[Function]}
            onDragLeave={[Function]}
            onDragOver={[Function]}
            onDrop={[Function]}
          />
          <div
            className="item-triangle"
          />
          <img
            className="treeNode-icon"
            src="./public/img/package.png"
          />
          Assets
        </li>
      </ul>
    </article>
  </div>
  <article
    className="wonder-asset-assetChildren"
  />
</article>
`;

exports[`MainEditorAssetHeader->remove node test remove tree node else test select folder click remove-button should remove folder from assetTreeRoot 1`] = `
<article
  className="wonder-asset-component"
>
  <div
    className="asset-tree"
  >
    <article
      className="wonder-asset-header"
    >
      <div
        className="asset-header-item"
        onClick={[Function]}
      >
        <div
          className="item-canBeClick"
        >
          <img
            src="./public/img/add.png"
          />
        </div>
      </div>
      <div
        className="asset-header-item"
        onClick={[Function]}
      >
        <div
          className="item-notBeClick"
        >
          <img
            src="./public/img/notRemove.png"
          />
        </div>
      </div>
      <div
        className="asset-header-item"
      >
        <div
          className="item-canBeClick"
        >
          <img
            src="./public/img/load.png"
          />
          <input
            className="asset-fileLoad"
            multiple={true}
            onChange={[Function]}
            type="file"
          />
        </div>
      </div>
    </article>
    <article
      className="wonder-asset-assetTree"
    >
      <ul
        className="wonder-tree-node"
      >
        <li
          style={
            Object {
              "background": "rgba(255,255,255,0.2)",
            }
          }
        >
          <div
            className="item-ground"
            draggable={true}
            onClick={[Function]}
            onDragEnter={[Function]}
            onDragLeave={[Function]}
            onDragOver={[Function]}
            onDrop={[Function]}
          />
          <div
            className="item-triangle"
          />
          <img
            className="treeNode-icon"
            src="./public/img/package.png"
          />
          Assets
        </li>
      </ul>
    </article>
  </div>
  <article
    className="wonder-asset-assetChildren"
  />
</article>
`;

exports[`MainEditorAssetHeader->remove node test remove tree node if not select specific treeNode, remove-button's disabled props should == true  1`] = `
<article
  className="wonder-asset-component"
>
  <div
    className="asset-tree"
  >
    <article
      className="wonder-asset-header"
    >
      <div
        className="asset-header-item"
        onClick={[Function]}
      >
        <div
          className="item-canBeClick"
        >
          <img
            src="./public/img/add.png"
          />
        </div>
      </div>
      <div
        className="asset-header-item"
        onClick={[Function]}
      >
        <div
          className="item-notBeClick"
        >
          <img
            src="./public/img/notRemove.png"
          />
        </div>
      </div>
      <div
        className="asset-header-item"
      >
        <div
          className="item-canBeClick"
        >
          <img
            src="./public/img/load.png"
          />
          <input
            className="asset-fileLoad"
            multiple={true}
            onChange={[Function]}
            type="file"
          />
        </div>
      </div>
    </article>
    <article
      className="wonder-asset-assetTree"
    >
      <ul
        className="wonder-tree-node"
      >
        <li
          style={
            Object {
              "background": "rgba(255,255,255,0.2)",
            }
          }
        >
          <div
            className="item-ground"
            draggable={true}
            onClick={[Function]}
            onDragEnter={[Function]}
            onDragLeave={[Function]}
            onDragOver={[Function]}
            onDrop={[Function]}
          />
          <div
            className="item-triangle"
          />
          <img
            className="treeNode-icon"
            src="./public/img/package.png"
          />
          Assets
        </li>
      </ul>
    </article>
  </div>
  <article
    className="wonder-asset-assetChildren"
  />
</article>
`;
