// Jest Snapshot v1, https://goo.gl/fbAQLP

exports[`redo_undo: change meshRenderer drawMode prepare first step: set currentSceneTreeNode test redo operate test redo one step undo step which from second to zero, redo step which from zero to first 1`] = `
<article
  className="wonder-mesh-renderer"
>
  <div
    className=""
  >
    <article
      className="wonder-select"
    >
      <span
        className=""
      >
        draw mode
      </span>
      <select
        onChange={[Function]}
        value="1"
      >
        <option
          value="0"
        >
          points
        </option>
        <option
          value="1"
        >
          lines
        </option>
        <option
          value="2"
        >
          line_loop
        </option>
        <option
          value="3"
        >
          Line_strip
        </option>
        <option
          value="4"
        >
          Triangles
        </option>
        <option
          value="5"
        >
          triangle_strip
        </option>
        <option
          value="6"
        >
          Triangle_fan
        </option>
      </select>
    </article>
  </div>
</article>
`;

exports[`redo_undo: change meshRenderer drawMode prepare first step: set currentSceneTreeNode test redo operate test redo two step undo step which from second to zero,redo step which from zero to second 1`] = `
<article
  className="wonder-mesh-renderer"
>
  <div
    className=""
  >
    <article
      className="wonder-select"
    >
      <span
        className=""
      >
        draw mode
      </span>
      <select
        onChange={[Function]}
        value="6"
      >
        <option
          value="0"
        >
          points
        </option>
        <option
          value="1"
        >
          lines
        </option>
        <option
          value="2"
        >
          line_loop
        </option>
        <option
          value="3"
        >
          Line_strip
        </option>
        <option
          value="4"
        >
          Triangles
        </option>
        <option
          value="5"
        >
          triangle_strip
        </option>
        <option
          value="6"
        >
          Triangle_fan
        </option>
      </select>
    </article>
  </div>
</article>
`;

exports[`redo_undo: change meshRenderer drawMode prepare first step: set currentSceneTreeNode test undo operate test not undo 1`] = `
<article
  className="wonder-mesh-renderer"
>
  <div
    className=""
  >
    <article
      className="wonder-select"
    >
      <span
        className=""
      >
        draw mode
      </span>
      <select
        onChange={[Function]}
        value="6"
      >
        <option
          value="0"
        >
          points
        </option>
        <option
          value="1"
        >
          lines
        </option>
        <option
          value="2"
        >
          line_loop
        </option>
        <option
          value="3"
        >
          Line_strip
        </option>
        <option
          value="4"
        >
          Triangles
        </option>
        <option
          value="5"
        >
          triangle_strip
        </option>
        <option
          value="6"
        >
          Triangle_fan
        </option>
      </select>
    </article>
  </div>
</article>
`;

exports[`redo_undo: change meshRenderer drawMode prepare first step: set currentSceneTreeNode test undo operate test undo one step step which from second to first 1`] = `
<article
  className="wonder-mesh-renderer"
>
  <div
    className=""
  >
    <article
      className="wonder-select"
    >
      <span
        className=""
      >
        draw mode
      </span>
      <select
        onChange={[Function]}
        value="1"
      >
        <option
          value="0"
        >
          points
        </option>
        <option
          value="1"
        >
          lines
        </option>
        <option
          value="2"
        >
          line_loop
        </option>
        <option
          value="3"
        >
          Line_strip
        </option>
        <option
          value="4"
        >
          Triangles
        </option>
        <option
          value="5"
        >
          triangle_strip
        </option>
        <option
          value="6"
        >
          Triangle_fan
        </option>
      </select>
    </article>
  </div>
</article>
`;

exports[`redo_undo: change meshRenderer drawMode prepare first step: set currentSceneTreeNode test undo operate test undo two step step which from second to zero 1`] = `
<article
  className="wonder-mesh-renderer"
>
  <div
    className=""
  >
    <article
      className="wonder-select"
    >
      <span
        className=""
      >
        draw mode
      </span>
      <select
        onChange={[Function]}
        value="4"
      >
        <option
          value="0"
        >
          points
        </option>
        <option
          value="1"
        >
          lines
        </option>
        <option
          value="2"
        >
          line_loop
        </option>
        <option
          value="3"
        >
          Line_strip
        </option>
        <option
          value="4"
        >
          Triangles
        </option>
        <option
          value="5"
        >
          triangle_strip
        </option>
        <option
          value="6"
        >
          Triangle_fan
        </option>
      </select>
    </article>
  </div>
</article>
`;
