// Jest Snapshot v1, https://goo.gl/fbAQLP

exports[`MainEditorAssetChildrenNode test set current node test click folder test single click test snapshot 1`] = `
<article
  className="wonder-asset-component"
>
  <div
    className="asset-tree"
  >
    <article
      className="wonder-asset-header"
    >
      <div
        className="header-item"
      >
        <button
          onClick={[Function]}
        >
          addFolder
        </button>
      </div>
      <div
        className="header-item"
      >
        <button
          disabled={false}
          onClick={[Function]}
        >
          remove
        </button>
      </div>
      <div
        className="header-item"
      >
        <input
          className="file-upload"
          multiple={true}
          onChange={[Function]}
          type="file"
        />
      </div>
      <div
        className=""
      >
        <button
          onClick={[Function]}
        >
          addMaterial
        </button>
      </div>
    </article>
    <article
      className="wonder-asset-assetTree"
    >
      <ul
        className="wonder-tree-node"
      >
        <li
          onClick={[Function]}
          style={
            Object {
              "background": "#c0c0c0",
            }
          }
        >
          <div
            className="item-ground"
            draggable={true}
            onDragEnter={[Function]}
            onDragLeave={[Function]}
            onDragOver={[Function]}
            onDrop={[Function]}
          />
          <img
            src="./public/img/12.jpg"
          />
          Assets
        </li>
        <ul
          className="wonder-tree-node"
          draggable={true}
          onDragEnd={[Function]}
          onDragStart={[Function]}
        >
          <li
            onClick={[Function]}
            style={
              Object {
                "border": "1px solid red",
              }
            }
          >
            <div
              className="item-ground"
              draggable={true}
              onDragEnter={[Function]}
              onDragLeave={[Function]}
              onDragOver={[Function]}
              onDrop={[Function]}
            />
            <img
              src="./public/img/12.jpg"
            />
            newFolder
          </li>
        </ul>
      </ul>
    </article>
  </div>
  <article
    className="wonder-asset-assetChildren"
  >
    <article
      className="wonder-asset-folderBox"
      id="folder-3"
      style={
        Object {
          "background": "red",
        }
      }
    >
      <div
        className="item-ground"
        draggable={true}
        onDragEnd={[Function]}
        onDragEnter={[Function]}
        onDragLeave={[Function]}
        onDragOver={[Function]}
        onDragStart={[Function]}
        onDrop={[Function]}
      />
      <img
        src="./public/img/11.jpg"
      />
      <span
        className="item-text"
      >
        newFolder
      </span>
    </article>
  </article>
</article>
`;
