// Jest Snapshot v1, https://goo.gl/fbAQLP

exports[`controller header add gameObject add box should be added into EditEngineState and RunEngineState test scene tree test add one box 1`] = `
<article
  className="wonder-sceneTree-component"
>
  <article
    className="wonder-drag-tree"
  >
    <ul
      className="wonder-tree-node"
      draggable={true}
      onDragEnd={[Function]}
      onDragStart={[Function]}
    >
      <li
        onClick={[Function]}
        style={
          Object {
            "border": "1px solid red",
          }
        }
      >
        <div
          className="item-ground"
          draggable={true}
          onDragEnter={[Function]}
          onDragLeave={[Function]}
          onDragOver={[Function]}
          onDrop={[Function]}
        />
        camera
      </li>
    </ul>
    <ul
      className="wonder-tree-node"
      draggable={true}
      onDragEnd={[Function]}
      onDragStart={[Function]}
    >
      <li
        onClick={[Function]}
        style={
          Object {
            "background": "red",
          }
        }
      >
        <div
          className="item-ground"
          draggable={true}
          onDragEnter={[Function]}
          onDragLeave={[Function]}
          onDragOver={[Function]}
          onDrop={[Function]}
        />
        cube
      </li>
    </ul>
    <ul
      className="wonder-tree-node"
      draggable={true}
      onDragEnd={[Function]}
      onDragStart={[Function]}
    >
      <li
        onClick={[Function]}
        style={
          Object {
            "border": "1px solid red",
          }
        }
      >
        <div
          className="item-ground"
          draggable={true}
          onDragEnter={[Function]}
          onDragLeave={[Function]}
          onDragOver={[Function]}
          onDrop={[Function]}
        />
        cube
      </li>
    </ul>
    <ul
      className="wonder-tree-node"
      draggable={true}
      onDragEnd={[Function]}
      onDragStart={[Function]}
    >
      <li
        onClick={[Function]}
        style={
          Object {
            "border": "1px solid red",
          }
        }
      >
        <div
          className="item-ground"
          draggable={true}
          onDragEnter={[Function]}
          onDragLeave={[Function]}
          onDragOver={[Function]}
          onDrop={[Function]}
        />
        Direction Light
      </li>
    </ul>
    <ul
      className="wonder-tree-node"
      draggable={true}
      onDragEnd={[Function]}
      onDragStart={[Function]}
    >
      <li
        onClick={[Function]}
        style={
          Object {
            "border": "1px solid red",
          }
        }
      >
        <div
          className="item-ground"
          draggable={true}
          onDragEnter={[Function]}
          onDragLeave={[Function]}
          onDragOver={[Function]}
          onDrop={[Function]}
        />
        cube
      </li>
    </ul>
    <div
      className="wonder-disable-drag"
      onDragEnter={[Function]}
      onDragLeave={[Function]}
      onDragOver={[Function]}
      onDrop={[Function]}
      style={
        Object {
          "backgroundColor": "#c0c0c0",
        }
      }
    />
  </article>
</article>
`;

exports[`controller header add gameObject add box should be added into engineState test scene tree test add one box 1`] = `
<article
  className="wonder-sceneTree-component"
>
  <article
    className="wonder-drag-tree"
  >
    <ul
      className="wonder-tree-node"
      draggable={true}
      onDragEnd={[Function]}
      onDragStart={[Function]}
    >
      <li
        onClick={[Function]}
        style={
          Object {
            "border": "1px solid red",
          }
        }
      >
        <div
          className="item-ground"
          draggable={true}
          onDragEnter={[Function]}
          onDragLeave={[Function]}
          onDragOver={[Function]}
          onDrop={[Function]}
        />
        camera
      </li>
    </ul>
    <ul
      className="wonder-tree-node"
      draggable={true}
      onDragEnd={[Function]}
      onDragStart={[Function]}
    >
      <li
        onClick={[Function]}
        style={
          Object {
            "background": "red",
          }
        }
      >
        <div
          className="item-ground"
          draggable={true}
          onDragEnter={[Function]}
          onDragLeave={[Function]}
          onDragOver={[Function]}
          onDrop={[Function]}
        />
        cube
      </li>
    </ul>
    <ul
      className="wonder-tree-node"
      draggable={true}
      onDragEnd={[Function]}
      onDragStart={[Function]}
    >
      <li
        onClick={[Function]}
        style={
          Object {
            "border": "1px solid red",
          }
        }
      >
        <div
          className="item-ground"
          draggable={true}
          onDragEnter={[Function]}
          onDragLeave={[Function]}
          onDragOver={[Function]}
          onDrop={[Function]}
        />
        cube
      </li>
    </ul>
    <ul
      className="wonder-tree-node"
      draggable={true}
      onDragEnd={[Function]}
      onDragStart={[Function]}
    >
      <li
        onClick={[Function]}
        style={
          Object {
            "border": "1px solid red",
          }
        }
      >
        <div
          className="item-ground"
          draggable={true}
          onDragEnter={[Function]}
          onDragLeave={[Function]}
          onDragOver={[Function]}
          onDrop={[Function]}
        />
        Direction Light
      </li>
    </ul>
    <ul
      className="wonder-tree-node"
      draggable={true}
      onDragEnd={[Function]}
      onDragStart={[Function]}
    >
      <li
        onClick={[Function]}
        style={
          Object {
            "border": "1px solid red",
          }
        }
      >
        <div
          className="item-ground"
          draggable={true}
          onDragEnter={[Function]}
          onDragLeave={[Function]}
          onDragOver={[Function]}
          onDrop={[Function]}
        />
        cube
      </li>
    </ul>
    <div
      className="wonder-disable-drag"
      onDragEnter={[Function]}
      onDragLeave={[Function]}
      onDragOver={[Function]}
      onDrop={[Function]}
      style={
        Object {
          "backgroundColor": "#c0c0c0",
        }
      }
    />
  </article>
</article>
`;

exports[`controller header add gameObject add emptyGameObject should be added into EditEngineState and RunEngineState test scene tree test add one emptyGameObject 1`] = `
<article
  className="wonder-sceneTree-component"
>
  <article
    className="wonder-drag-tree"
  >
    <ul
      className="wonder-tree-node"
      draggable={true}
      onDragEnd={[Function]}
      onDragStart={[Function]}
    >
      <li
        onClick={[Function]}
        style={
          Object {
            "border": "1px solid red",
          }
        }
      >
        <div
          className="item-ground"
          draggable={true}
          onDragEnter={[Function]}
          onDragLeave={[Function]}
          onDragOver={[Function]}
          onDrop={[Function]}
        />
        camera
      </li>
    </ul>
    <ul
      className="wonder-tree-node"
      draggable={true}
      onDragEnd={[Function]}
      onDragStart={[Function]}
    >
      <li
        onClick={[Function]}
        style={
          Object {
            "background": "red",
          }
        }
      >
        <div
          className="item-ground"
          draggable={true}
          onDragEnter={[Function]}
          onDragLeave={[Function]}
          onDragOver={[Function]}
          onDrop={[Function]}
        />
        cube
      </li>
    </ul>
    <ul
      className="wonder-tree-node"
      draggable={true}
      onDragEnd={[Function]}
      onDragStart={[Function]}
    >
      <li
        onClick={[Function]}
        style={
          Object {
            "border": "1px solid red",
          }
        }
      >
        <div
          className="item-ground"
          draggable={true}
          onDragEnter={[Function]}
          onDragLeave={[Function]}
          onDragOver={[Function]}
          onDrop={[Function]}
        />
        cube
      </li>
    </ul>
    <ul
      className="wonder-tree-node"
      draggable={true}
      onDragEnd={[Function]}
      onDragStart={[Function]}
    >
      <li
        onClick={[Function]}
        style={
          Object {
            "border": "1px solid red",
          }
        }
      >
        <div
          className="item-ground"
          draggable={true}
          onDragEnter={[Function]}
          onDragLeave={[Function]}
          onDragOver={[Function]}
          onDrop={[Function]}
        />
        Direction Light
      </li>
    </ul>
    <ul
      className="wonder-tree-node"
      draggable={true}
      onDragEnd={[Function]}
      onDragStart={[Function]}
    >
      <li
        onClick={[Function]}
        style={
          Object {
            "border": "1px solid red",
          }
        }
      >
        <div
          className="item-ground"
          draggable={true}
          onDragEnter={[Function]}
          onDragLeave={[Function]}
          onDragOver={[Function]}
          onDrop={[Function]}
        />
        gameObject
      </li>
    </ul>
    <div
      className="wonder-disable-drag"
      onDragEnter={[Function]}
      onDragLeave={[Function]}
      onDragOver={[Function]}
      onDrop={[Function]}
      style={
        Object {
          "backgroundColor": "#c0c0c0",
        }
      }
    />
  </article>
</article>
`;

exports[`controller header add gameObject add emptyGameObject should be added into engineState test scene tree test add one emptyGameObject 1`] = `
<article
  className="wonder-sceneTree-component"
>
  <article
    className="wonder-drag-tree"
  >
    <ul
      className="wonder-tree-node"
      draggable={true}
      onDragEnd={[Function]}
      onDragStart={[Function]}
    >
      <li
        onClick={[Function]}
        style={
          Object {
            "border": "1px solid red",
          }
        }
      >
        <div
          className="item-ground"
          draggable={true}
          onDragEnter={[Function]}
          onDragLeave={[Function]}
          onDragOver={[Function]}
          onDrop={[Function]}
        />
        camera
      </li>
    </ul>
    <ul
      className="wonder-tree-node"
      draggable={true}
      onDragEnd={[Function]}
      onDragStart={[Function]}
    >
      <li
        onClick={[Function]}
        style={
          Object {
            "background": "red",
          }
        }
      >
        <div
          className="item-ground"
          draggable={true}
          onDragEnter={[Function]}
          onDragLeave={[Function]}
          onDragOver={[Function]}
          onDrop={[Function]}
        />
        cube
      </li>
    </ul>
    <ul
      className="wonder-tree-node"
      draggable={true}
      onDragEnd={[Function]}
      onDragStart={[Function]}
    >
      <li
        onClick={[Function]}
        style={
          Object {
            "border": "1px solid red",
          }
        }
      >
        <div
          className="item-ground"
          draggable={true}
          onDragEnter={[Function]}
          onDragLeave={[Function]}
          onDragOver={[Function]}
          onDrop={[Function]}
        />
        cube
      </li>
    </ul>
    <ul
      className="wonder-tree-node"
      draggable={true}
      onDragEnd={[Function]}
      onDragStart={[Function]}
    >
      <li
        onClick={[Function]}
        style={
          Object {
            "border": "1px solid red",
          }
        }
      >
        <div
          className="item-ground"
          draggable={true}
          onDragEnter={[Function]}
          onDragLeave={[Function]}
          onDragOver={[Function]}
          onDrop={[Function]}
        />
        Direction Light
      </li>
    </ul>
    <ul
      className="wonder-tree-node"
      draggable={true}
      onDragEnd={[Function]}
      onDragStart={[Function]}
    >
      <li
        onClick={[Function]}
        style={
          Object {
            "border": "1px solid red",
          }
        }
      >
        <div
          className="item-ground"
          draggable={true}
          onDragEnter={[Function]}
          onDragLeave={[Function]}
          onDragOver={[Function]}
          onDrop={[Function]}
        />
        gameObject
      </li>
    </ul>
    <div
      className="wonder-disable-drag"
      onDragEnter={[Function]}
      onDragLeave={[Function]}
      onDragOver={[Function]}
      onDrop={[Function]}
      style={
        Object {
          "backgroundColor": "#c0c0c0",
        }
      }
    />
  </article>
</article>
`;
