// Jest Snapshot v1, https://goo.gl/fbAQLP

exports[`TextureInspector prepare currentSelectSource test component snapshot  1`] = `
<article
  className="wonder-inspector-component"
>
  <article
    className="wonder-inspector-assetTree"
  >
    <article
      className="wonder-texture-assetTree"
    >
      <h1>
        Texture
      </h1>
      <hr />
      <article
        className="inspector-item"
      >
        <div
          className="item-header"
        >
          <span
            className="component-label"
          >
            Name
          </span>
        </div>
        <div
          className="item-content"
        >
          <input
            className="input-component float-input"
            onBlur={[Function]}
            onChange={[Function]}
            type="text"
            value="texture1"
          />
        </div>
      </article>
      <article
        className="inspector-item"
      >
        <div
          className="item-header"
        >
          <span
            className=""
          >
            WrapS Mode
          </span>
        </div>
        <div
          className="item-content"
        >
          <select
            onChange={[Function]}
            value="0"
          >
            <option
              value="2"
            >
              Repeat
            </option>
            <option
              value="1"
            >
              Mirrored_repeat
            </option>
            <option
              value="0"
            >
              Clamp_to_edge
            </option>
          </select>
        </div>
      </article>
      <article
        className="inspector-item"
      >
        <div
          className="item-header"
        >
          <span
            className=""
          >
            WrapT Mode
          </span>
        </div>
        <div
          className="item-content"
        >
          <select
            onChange={[Function]}
            value="0"
          >
            <option
              value="2"
            >
              Repeat
            </option>
            <option
              value="1"
            >
              Mirrored_repeat
            </option>
            <option
              value="0"
            >
              Clamp_to_edge
            </option>
          </select>
        </div>
      </article>
      <article
        className="inspector-item"
      >
        <div
          className="item-header"
        >
          <span
            className=""
          >
            Mag Filter Mode
          </span>
        </div>
        <div
          className="item-content"
        >
          <select
            onChange={[Function]}
            value="1"
          >
            <option
              value="0"
            >
              Nearest
            </option>
            <option
              value="1"
            >
              Linear
            </option>
            <option
              value="2"
            >
              Nearest_mipmap_nearest
            </option>
            <option
              value="3"
            >
              Linear_mipmap_nearest
            </option>
            <option
              value="4"
            >
              Nearest_mipmap_linear
            </option>
            <option
              value="5"
            >
              Linear_mipmap_linear
            </option>
          </select>
        </div>
      </article>
      <article
        className="inspector-item"
      >
        <div
          className="item-header"
        >
          <span
            className=""
          >
            Min Filter Mode
          </span>
        </div>
        <div
          className="item-content"
        >
          <select
            onChange={[Function]}
            value="0"
          >
            <option
              value="0"
            >
              Nearest
            </option>
            <option
              value="1"
            >
              Linear
            </option>
            <option
              value="2"
            >
              Nearest_mipmap_nearest
            </option>
            <option
              value="3"
            >
              Linear_mipmap_nearest
            </option>
            <option
              value="4"
            >
              Nearest_mipmap_linear
            </option>
            <option
              value="5"
            >
              Linear_mipmap_linear
            </option>
          </select>
        </div>
      </article>
    </article>
  </article>
</article>
`;

exports[`TextureInspector prepare currentSelectSource test component snapshot test texture inspector->show default value 1`] = `
<article
  className="wonder-inspector-component"
>
  <article
    className="wonder-inspector-assetTree"
  >
    <article
      className="wonder-texture-assetTree"
    >
      <h1>
        Texture
      </h1>
      <hr />
      <article
        className="inspector-item"
      >
        <div
          className="item-header"
        >
          <span
            className="component-label"
          >
            Name
          </span>
        </div>
        <div
          className="item-content"
        >
          <input
            className="input-component float-input"
            onBlur={[Function]}
            onChange={[Function]}
            type="text"
            value="texture1"
          />
        </div>
      </article>
      <article
        className="inspector-item"
      >
        <div
          className="item-header"
        >
          <span
            className=""
          >
            WrapS Mode
          </span>
        </div>
        <div
          className="item-content"
        >
          <select
            onChange={[Function]}
            value="0"
          >
            <option
              value="2"
            >
              Repeat
            </option>
            <option
              value="1"
            >
              Mirrored_repeat
            </option>
            <option
              value="0"
            >
              Clamp_to_edge
            </option>
          </select>
        </div>
      </article>
      <article
        className="inspector-item"
      >
        <div
          className="item-header"
        >
          <span
            className=""
          >
            WrapT Mode
          </span>
        </div>
        <div
          className="item-content"
        >
          <select
            onChange={[Function]}
            value="0"
          >
            <option
              value="2"
            >
              Repeat
            </option>
            <option
              value="1"
            >
              Mirrored_repeat
            </option>
            <option
              value="0"
            >
              Clamp_to_edge
            </option>
          </select>
        </div>
      </article>
      <article
        className="inspector-item"
      >
        <div
          className="item-header"
        >
          <span
            className=""
          >
            Mag Filter Mode
          </span>
        </div>
        <div
          className="item-content"
        >
          <select
            onChange={[Function]}
            value="1"
          >
            <option
              value="0"
            >
              Nearest
            </option>
            <option
              value="1"
            >
              Linear
            </option>
            <option
              value="2"
            >
              Nearest_mipmap_nearest
            </option>
            <option
              value="3"
            >
              Linear_mipmap_nearest
            </option>
            <option
              value="4"
            >
              Nearest_mipmap_linear
            </option>
            <option
              value="5"
            >
              Linear_mipmap_linear
            </option>
          </select>
        </div>
      </article>
      <article
        className="inspector-item"
      >
        <div
          className="item-header"
        >
          <span
            className=""
          >
            Min Filter Mode
          </span>
        </div>
        <div
          className="item-content"
        >
          <select
            onChange={[Function]}
            value="0"
          >
            <option
              value="0"
            >
              Nearest
            </option>
            <option
              value="1"
            >
              Linear
            </option>
            <option
              value="2"
            >
              Nearest_mipmap_nearest
            </option>
            <option
              value="3"
            >
              Linear_mipmap_nearest
            </option>
            <option
              value="4"
            >
              Nearest_mipmap_linear
            </option>
            <option
              value="5"
            >
              Linear_mipmap_linear
            </option>
          </select>
        </div>
      </article>
    </article>
  </article>
</article>
`;

exports[`TextureInspector prepare currentSelectSource test texture change filter test set MagFilter to Linear_mipmap_linear test snapshot 1`] = `
<article
  className="wonder-inspector-component"
/>
`;

exports[`TextureInspector prepare currentSelectSource test texture change filter test set MinFilter to Nearest_mipmap_linear test snapshot 1`] = `
<article
  className="wonder-inspector-component"
/>
`;

exports[`TextureInspector prepare currentSelectSource test texture change wrap test set wrapS to Repeat test snapshot 1`] = `
<article
  className="wonder-inspector-component"
/>
`;

exports[`TextureInspector prepare currentSelectSource test texture change wrap test set wrapT to Mirrored_repeat test snapshot 1`] = `
<article
  className="wonder-inspector-component"
/>
`;

exports[`TextureInspector prepare currentSelectSource test texture inspector->show default value  1`] = `
<article
  className="wonder-inspector-component"
>
  <article
    className="wonder-inspector-assetTree"
  >
    <article
      className="wonder-texture-assetTree"
    >
      <h1>
        Texture
      </h1>
      <hr />
      <article
        className="inspector-item"
      >
        <div
          className="item-header"
        >
          <span
            className="component-label"
          >
            Name
          </span>
        </div>
        <div
          className="item-content"
        >
          <input
            className="input-component float-input"
            onBlur={[Function]}
            onChange={[Function]}
            type="text"
            value="texture1"
          />
        </div>
      </article>
      <article
        className="inspector-item"
      >
        <div
          className="item-header"
        >
          <span
            className=""
          >
            WrapS Mode
          </span>
        </div>
        <div
          className="item-content"
        >
          <select
            onChange={[Function]}
            value="0"
          >
            <option
              value="2"
            >
              Repeat
            </option>
            <option
              value="1"
            >
              Mirrored_repeat
            </option>
            <option
              value="0"
            >
              Clamp_to_edge
            </option>
          </select>
        </div>
      </article>
      <article
        className="inspector-item"
      >
        <div
          className="item-header"
        >
          <span
            className=""
          >
            WrapT Mode
          </span>
        </div>
        <div
          className="item-content"
        >
          <select
            onChange={[Function]}
            value="0"
          >
            <option
              value="2"
            >
              Repeat
            </option>
            <option
              value="1"
            >
              Mirrored_repeat
            </option>
            <option
              value="0"
            >
              Clamp_to_edge
            </option>
          </select>
        </div>
      </article>
      <article
        className="inspector-item"
      >
        <div
          className="item-header"
        >
          <span
            className=""
          >
            Mag Filter Mode
          </span>
        </div>
        <div
          className="item-content"
        >
          <select
            onChange={[Function]}
            value="1"
          >
            <option
              value="0"
            >
              Nearest
            </option>
            <option
              value="1"
            >
              Linear
            </option>
            <option
              value="2"
            >
              Nearest_mipmap_nearest
            </option>
            <option
              value="3"
            >
              Linear_mipmap_nearest
            </option>
            <option
              value="4"
            >
              Nearest_mipmap_linear
            </option>
            <option
              value="5"
            >
              Linear_mipmap_linear
            </option>
          </select>
        </div>
      </article>
      <article
        className="inspector-item"
      >
        <div
          className="item-header"
        >
          <span
            className=""
          >
            Min Filter Mode
          </span>
        </div>
        <div
          className="item-content"
        >
          <select
            onChange={[Function]}
            value="0"
          >
            <option
              value="0"
            >
              Nearest
            </option>
            <option
              value="1"
            >
              Linear
            </option>
            <option
              value="2"
            >
              Nearest_mipmap_nearest
            </option>
            <option
              value="3"
            >
              Linear_mipmap_nearest
            </option>
            <option
              value="4"
            >
              Nearest_mipmap_linear
            </option>
            <option
              value="5"
            >
              Linear_mipmap_linear
            </option>
          </select>
        </div>
      </article>
    </article>
  </article>
</article>
`;

exports[`TextureInspector prepare currentSelectSource test texture inspector->show default value test snapshot 1`] = `
<article
  className="wonder-inspector-component"
>
  <article
    className="wonder-inspector-assetTree"
  >
    <article
      className="wonder-texture-assetTree"
    >
      <h1>
        Texture
      </h1>
      <hr />
      <article
        className="inspector-item"
      >
        <div
          className="item-header"
        >
          <span
            className="component-label"
          >
            Name
          </span>
        </div>
        <div
          className="item-content"
        >
          <input
            className="input-component float-input"
            onBlur={[Function]}
            onChange={[Function]}
            type="text"
            value="texture1"
          />
        </div>
      </article>
      <article
        className="inspector-item"
      >
        <div
          className="item-header"
        >
          <span
            className=""
          >
            WrapS Mode
          </span>
        </div>
        <div
          className="item-content"
        >
          <select
            onChange={[Function]}
            value="0"
          >
            <option
              value="2"
            >
              Repeat
            </option>
            <option
              value="1"
            >
              Mirrored_repeat
            </option>
            <option
              value="0"
            >
              Clamp_to_edge
            </option>
          </select>
        </div>
      </article>
      <article
        className="inspector-item"
      >
        <div
          className="item-header"
        >
          <span
            className=""
          >
            WrapT Mode
          </span>
        </div>
        <div
          className="item-content"
        >
          <select
            onChange={[Function]}
            value="0"
          >
            <option
              value="2"
            >
              Repeat
            </option>
            <option
              value="1"
            >
              Mirrored_repeat
            </option>
            <option
              value="0"
            >
              Clamp_to_edge
            </option>
          </select>
        </div>
      </article>
      <article
        className="inspector-item"
      >
        <div
          className="item-header"
        >
          <span
            className=""
          >
            Mag Filter Mode
          </span>
        </div>
        <div
          className="item-content"
        >
          <select
            onChange={[Function]}
            value="1"
          >
            <option
              value="0"
            >
              Nearest
            </option>
            <option
              value="1"
            >
              Linear
            </option>
            <option
              value="2"
            >
              Nearest_mipmap_nearest
            </option>
            <option
              value="3"
            >
              Linear_mipmap_nearest
            </option>
            <option
              value="4"
            >
              Nearest_mipmap_linear
            </option>
            <option
              value="5"
            >
              Linear_mipmap_linear
            </option>
          </select>
        </div>
      </article>
      <article
        className="inspector-item"
      >
        <div
          className="item-header"
        >
          <span
            className=""
          >
            Min Filter Mode
          </span>
        </div>
        <div
          className="item-content"
        >
          <select
            onChange={[Function]}
            value="0"
          >
            <option
              value="0"
            >
              Nearest
            </option>
            <option
              value="1"
            >
              Linear
            </option>
            <option
              value="2"
            >
              Nearest_mipmap_nearest
            </option>
            <option
              value="3"
            >
              Linear_mipmap_nearest
            </option>
            <option
              value="4"
            >
              Nearest_mipmap_linear
            </option>
            <option
              value="5"
            >
              Linear_mipmap_linear
            </option>
          </select>
        </div>
      </article>
    </article>
  </article>
</article>
`;

exports[`TextureInspector prepare currentSelectSource test texture rename test rename to specific name  1`] = `
<article
  className="wonder-asset-component"
>
  <div
    className="asset-tree"
  >
    <article
      className="wonder-asset-header"
    >
      <div
        className="asset-header-item"
        onClick={[Function]}
      >
        <div
          className="item-canBeClick"
        >
          <img
            src="./public/img/add.png"
          />
        </div>
      </div>
      <div
        className="asset-header-item"
        onClick={[Function]}
      >
        <div
          className="item-notBeClick"
        >
          <img
            src="./public/img/notRemove.png"
          />
        </div>
      </div>
      <div
        className="asset-header-item"
      >
        <div
          className="item-canBeClick"
        >
          <img
            src="./public/img/load.png"
          />
          <input
            className="asset-fileLoad"
            multiple={true}
            onChange={[Function]}
            type="file"
          />
        </div>
      </div>
    </article>
    <article
      className="wonder-asset-assetTree"
    >
      <ul
        className="wonder-tree-node"
      >
        <li
          style={
            Object {
              "background": "rgba(255,255,255,0.2)",
            }
          }
        >
          <div
            className="item-ground"
            draggable={true}
            onClick={[Function]}
            onDragEnter={[Function]}
            onDragLeave={[Function]}
            onDragOver={[Function]}
            onDrop={[Function]}
          />
          <div
            className="item-triangle"
          />
          <img
            className="treeNode-icon"
            src="./public/img/package.png"
          />
          Assets
        </li>
      </ul>
    </article>
  </div>
  <article
    className="wonder-asset-assetChildren"
  >
    <article
      className="wonder-asset-fileBox "
      onClick={[Function]}
    >
      <div
        className="box-image"
      >
        <img
          onDragStart={[Function]}
          src="texture1img"
        />
      </div>
      <div
        className="item-text "
      >
        <span>
          newTextureName
        </span>
      </div>
    </article>
  </article>
</article>
`;

exports[`TextureInspector prepare currentSelectSource test texture rename test rename to specific name test snapshot 1`] = `
<article
  className="wonder-asset-component"
>
  <div
    className="asset-tree"
  >
    <article
      className="wonder-asset-header"
    >
      <div
        className="asset-header-item"
        onClick={[Function]}
      >
        <div
          className="item-canBeClick"
        >
          <img
            src="./public/img/add.png"
          />
        </div>
      </div>
      <div
        className="asset-header-item"
        onClick={[Function]}
      >
        <div
          className="item-notBeClick"
        >
          <img
            src="./public/img/notRemove.png"
          />
        </div>
      </div>
      <div
        className="asset-header-item"
      >
        <div
          className="item-canBeClick"
        >
          <img
            src="./public/img/load.png"
          />
          <input
            className="asset-fileLoad"
            multiple={true}
            onChange={[Function]}
            type="file"
          />
        </div>
      </div>
    </article>
    <article
      className="wonder-asset-assetTree"
    >
      <ul
        className="wonder-tree-node"
      >
        <li
          style={
            Object {
              "background": "rgba(255,255,255,0.2)",
            }
          }
        >
          <div
            className="item-ground"
            draggable={true}
            onClick={[Function]}
            onDragEnter={[Function]}
            onDragLeave={[Function]}
            onDragOver={[Function]}
            onDrop={[Function]}
          />
          <div
            className="item-triangle"
          />
          <img
            className="treeNode-icon"
            src="./public/img/package.png"
          />
          Assets
        </li>
      </ul>
    </article>
  </div>
  <article
    className="wonder-asset-assetChildren"
  >
    <article
      className="wonder-asset-fileBox "
      onClick={[Function]}
    >
      <div
        className="box-image"
      >
        <img
          onDragStart={[Function]}
          src="texture1img"
        />
      </div>
      <div
        className="item-text "
      >
        <span>
          newTextureName
        </span>
      </div>
    </article>
  </article>
</article>
`;

exports[`TextureInspector prepare currentSelectSource test texture rename test snapshot test rename to specific name 1`] = `
<article
  className="wonder-asset-component"
>
  <div
    className="asset-tree"
  >
    <article
      className="wonder-asset-header"
    >
      <div
        className="asset-header-item"
        onClick={[Function]}
      >
        <div
          className="item-canBeClick"
        >
          <img
            src="./public/img/add.png"
          />
        </div>
      </div>
      <div
        className="asset-header-item"
        onClick={[Function]}
      >
        <div
          className="item-notBeClick"
        >
          <img
            src="./public/img/notRemove.png"
          />
        </div>
      </div>
      <div
        className="asset-header-item"
      >
        <div
          className="item-canBeClick"
        >
          <img
            src="./public/img/load.png"
          />
          <input
            className="asset-fileLoad"
            multiple={true}
            onChange={[Function]}
            type="file"
          />
        </div>
      </div>
    </article>
    <article
      className="wonder-asset-assetTree"
    >
      <ul
        className="wonder-tree-node"
      >
        <li
          style={
            Object {
              "background": "rgba(255,255,255,0.2)",
            }
          }
        >
          <div
            className="item-ground"
            draggable={true}
            onClick={[Function]}
            onDragEnter={[Function]}
            onDragLeave={[Function]}
            onDragOver={[Function]}
            onDrop={[Function]}
          />
          <div
            className="item-triangle"
          />
          <img
            className="treeNode-icon"
            src="./public/img/package.png"
          />
          Assets
        </li>
      </ul>
    </article>
  </div>
  <article
    className="wonder-asset-assetChildren"
  >
    <article
      className="wonder-asset-fileBox "
      onClick={[Function]}
    >
      <div
        className="box-image"
      >
        <img
          onDragStart={[Function]}
          src="texture1img"
        />
      </div>
      <div
        className="item-text "
      >
        <span>
          newTextureName
        </span>
      </div>
    </article>
  </article>
</article>
`;

exports[`texture inspector prepare currentSelectSource test texture change filter test set MagFilter to Linear_mipmap_linear test snapshot 1`] = `
<article
  className="wonder-inspector-component"
/>
`;

exports[`texture inspector prepare currentSelectSource test texture change filter test set MinFilter to Nearest_mipmap_linear test snapshot 1`] = `
<article
  className="wonder-inspector-component"
/>
`;

exports[`texture inspector prepare currentSelectSource test texture change wrap test set wrapS to Repeat test snapshot 1`] = `
<article
  className="wonder-inspector-component"
/>
`;

exports[`texture inspector prepare currentSelectSource test texture change wrap test set wrapT to Mirrored_repeat test snapshot 1`] = `
<article
  className="wonder-inspector-component"
/>
`;

exports[`texture inspector prepare currentSelectSource test texture inspector->show default value test snapshot 1`] = `
<article
  className="wonder-inspector-component"
>
  <article
    className="wonder-inspector-assetTree"
  >
    <article
      className="wonder-texture-assetTree"
    >
      <h1>
        Texture
      </h1>
      <hr />
      <article
        className="inspector-item"
      >
        <div
          className="item-header"
        >
          <span
            className="component-label"
          >
            Name
          </span>
        </div>
        <div
          className="item-content"
        >
          <input
            className="input-component float-input"
            onBlur={[Function]}
            onChange={[Function]}
            type="text"
            value="texture1"
          />
        </div>
      </article>
      <article
        className="inspector-item"
      >
        <div
          className="item-header"
        >
          <span
            className=""
          >
            WrapS Mode
          </span>
        </div>
        <div
          className="item-content"
        >
          <select
            onChange={[Function]}
            value="0"
          >
            <option
              value="2"
            >
              Repeat
            </option>
            <option
              value="1"
            >
              Mirrored_repeat
            </option>
            <option
              value="0"
            >
              Clamp_to_edge
            </option>
          </select>
        </div>
      </article>
      <article
        className="inspector-item"
      >
        <div
          className="item-header"
        >
          <span
            className=""
          >
            WrapT Mode
          </span>
        </div>
        <div
          className="item-content"
        >
          <select
            onChange={[Function]}
            value="0"
          >
            <option
              value="2"
            >
              Repeat
            </option>
            <option
              value="1"
            >
              Mirrored_repeat
            </option>
            <option
              value="0"
            >
              Clamp_to_edge
            </option>
          </select>
        </div>
      </article>
      <article
        className="inspector-item"
      >
        <div
          className="item-header"
        >
          <span
            className=""
          >
            Mag Filter Mode
          </span>
        </div>
        <div
          className="item-content"
        >
          <select
            onChange={[Function]}
            value="1"
          >
            <option
              value="0"
            >
              Nearest
            </option>
            <option
              value="1"
            >
              Linear
            </option>
            <option
              value="2"
            >
              Nearest_mipmap_nearest
            </option>
            <option
              value="3"
            >
              Linear_mipmap_nearest
            </option>
            <option
              value="4"
            >
              Nearest_mipmap_linear
            </option>
            <option
              value="5"
            >
              Linear_mipmap_linear
            </option>
          </select>
        </div>
      </article>
      <article
        className="inspector-item"
      >
        <div
          className="item-header"
        >
          <span
            className=""
          >
            Min Filter Mode
          </span>
        </div>
        <div
          className="item-content"
        >
          <select
            onChange={[Function]}
            value="0"
          >
            <option
              value="0"
            >
              Nearest
            </option>
            <option
              value="1"
            >
              Linear
            </option>
            <option
              value="2"
            >
              Nearest_mipmap_nearest
            </option>
            <option
              value="3"
            >
              Linear_mipmap_nearest
            </option>
            <option
              value="4"
            >
              Nearest_mipmap_linear
            </option>
            <option
              value="5"
            >
              Linear_mipmap_linear
            </option>
          </select>
        </div>
      </article>
    </article>
  </article>
</article>
`;

exports[`texture inspector prepare currentSelectSource test texture rename test rename to specific name test snapshot 1`] = `
<article
  className="wonder-asset-component"
>
  <div
    className="asset-tree"
  >
    <article
      className="wonder-asset-header"
    >
      <div
        className="asset-header-item"
        onClick={[Function]}
      >
        <div
          className="item-canBeClick"
        >
          <img
            src="./public/img/add.png"
          />
        </div>
      </div>
      <div
        className="asset-header-item"
        onClick={[Function]}
      >
        <div
          className="item-notBeClick"
        >
          <img
            src="./public/img/notRemove.png"
          />
        </div>
      </div>
      <div
        className="asset-header-item"
      >
        <div
          className="item-canBeClick"
        >
          <img
            src="./public/img/load.png"
          />
          <input
            className="asset-fileLoad"
            multiple={true}
            onChange={[Function]}
            type="file"
          />
        </div>
      </div>
    </article>
    <article
      className="wonder-asset-assetTree"
    >
      <ul
        className="wonder-tree-node"
      >
        <li
          style={
            Object {
              "background": "rgba(255,255,255,0.2)",
            }
          }
        >
          <div
            className="item-ground"
            draggable={true}
            onClick={[Function]}
            onDragEnter={[Function]}
            onDragLeave={[Function]}
            onDragOver={[Function]}
            onDrop={[Function]}
          />
          <div
            className="item-triangle"
          />
          <img
            className="treeNode-icon"
            src="./public/img/package.png"
          />
          Assets
        </li>
      </ul>
    </article>
  </div>
  <article
    className="wonder-asset-assetChildren"
  >
    <article
      className="wonder-asset-fileBox "
      onClick={[Function]}
    >
      <div
        className="box-image"
      >
        <img
          onDragStart={[Function]}
          src="texture1img"
        />
      </div>
      <div
        className="item-text "
      >
        <span>
          newTextureName
        </span>
      </div>
    </article>
  </article>
</article>
`;
