// Jest Snapshot v1, https://goo.gl/fbAQLP

exports[`reactTestRenderer toJSON returns test rendered JSON 1`] = `
<div
  className="fck"
>
  <div
    className="fff number-input-input"
  >
    xxx
  </div>
</div>
`;
