// Jest Snapshot v1, https://goo.gl/fbAQLP

exports[`Header test ambient light test snapshot show color pick component 1`] = `
<article
  className="wonder-header-component"
>
  <div
    className="header-item"
  >
    <div
      className="component-item"
    >
      <button
        onClick={[Function]}
      >
        undo
      </button>
    </div>
    <div
      className="component-item"
    >
      <button
        onClick={[Function]}
      >
        redo
      </button>
    </div>
  </div>
  <div
    className="header-item"
  >
    <div
      className="component-item"
    >
      <button
        onClick={[Function]}
      >
        add box
      </button>
    </div>
    <div
      className="component-item"
    >
      <button
        disabled={false}
        onClick={[Function]}
      >
        dispose
      </button>
    </div>
  </div>
  <div
    className="header-item"
  >
    <div
      className="component-item"
    >
      <article
        className="wonder-file-input"
      >
        <button
          onClick={[Function]}
        >
          show Input
        </button>
      </article>
    </div>
  </div>
  <div
    className="header-item"
  >
    <div
      className="component-item"
    >
      <article
        className="wonder-switch"
      >
        <button
          onClick={[Function]}
        >
          run
        </button>
      </article>
    </div>
  </div>
  <div
    className="header-item"
  >
    <div
      className="component-item"
    >
      <span
        className=""
      >
        color : 
      </span>
      <span
        className=""
      >
        #000000
      </span>
      <button
        className=""
        onClick={[Function]}
      >
        pick color
      </button>
    </div>
  </div>
</article>
`;

exports[`Header test ambient light test snapshot show color pick component for change color 1`] = `
<article
  className="wonder-header-component"
>
  <div
    className="header-item"
  >
    <div
      className="component-item"
    >
      <button
        onClick={[Function]}
      >
        undo
      </button>
    </div>
    <div
      className="component-item"
    >
      <button
        onClick={[Function]}
      >
        redo
      </button>
    </div>
  </div>
  <div
    className="header-item"
  >
    <div
      className="component-item"
    >
      <button
        onClick={[Function]}
      >
        add box
      </button>
    </div>
    <div
      className="component-item"
    >
      <button
        disabled={false}
        onClick={[Function]}
      >
        dispose
      </button>
    </div>
  </div>
  <div
    className="header-item"
  >
    <div
      className="component-item"
    >
      <article
        className="wonder-file-input"
      >
        <button
          onClick={[Function]}
        >
          show Input
        </button>
      </article>
    </div>
  </div>
  <div
    className="header-item"
  >
    <div
      className="component-item"
    >
      <article
        className="wonder-switch"
      >
        <button
          onClick={[Function]}
        >
          run
        </button>
      </article>
    </div>
  </div>
  <div
    className="header-item"
  >
    <div
      className="component-item"
    >
      <span
        className=""
      >
        color : 
      </span>
      <span
        className=""
      >
        #000000
      </span>
      <button
        className=""
        onClick={[Function]}
      >
        pick color
      </button>
    </div>
  </div>
</article>
`;

exports[`Header test ambient light test snapshot test ui component 1`] = `
<article
  className="wonder-header-component"
>
  <div
    className="header-item"
  >
    <div
      className="component-item"
    >
      <button
        onClick={[Function]}
      >
        undo
      </button>
    </div>
    <div
      className="component-item"
    >
      <button
        onClick={[Function]}
      >
        redo
      </button>
    </div>
  </div>
  <div
    className="header-item"
  >
    <div
      className="component-item"
    >
      <button
        onClick={[Function]}
      >
        add box
      </button>
    </div>
    <div
      className="component-item"
    >
      <button
        disabled={false}
        onClick={[Function]}
      >
        dispose
      </button>
    </div>
  </div>
  <div
    className="header-item"
  >
    <div
      className="component-item"
    >
      <article
        className="wonder-file-input"
      >
        <button
          onClick={[Function]}
        >
          show Input
        </button>
      </article>
    </div>
  </div>
  <div
    className="header-item"
  >
    <div
      className="component-item"
    >
      <article
        className="wonder-switch"
      >
        <button
          onClick={[Function]}
        >
          run
        </button>
      </article>
    </div>
  </div>
  <div
    className="header-item"
  >
    <div
      className="component-item"
    >
      <span
        className=""
      >
        color : 
      </span>
      <span
        className=""
      >
        #000000
      </span>
      <button
        className=""
        onClick={[Function]}
      >
        pick color
      </button>
    </div>
  </div>
</article>
`;

exports[`Header test ambient light test snapshot test ui component 2`] = `
<article
  className="wonder-header-component"
>
  <div
    className="header-item"
  >
    <div
      className="component-item"
    >
      <button
        onClick={[Function]}
      >
        undo
      </button>
    </div>
    <div
      className="component-item"
    >
      <button
        onClick={[Function]}
      >
        redo
      </button>
    </div>
  </div>
  <div
    className="header-item"
  >
    <div
      className="component-item"
    >
      <button
        onClick={[Function]}
      >
        add box
      </button>
    </div>
    <div
      className="component-item"
    >
      <button
        disabled={false}
        onClick={[Function]}
      >
        dispose
      </button>
    </div>
  </div>
  <div
    className="header-item"
  >
    <div
      className="component-item"
    >
      <article
        className="wonder-file-input"
      >
        <button
          onClick={[Function]}
        >
          show Input
        </button>
      </article>
    </div>
  </div>
  <div
    className="header-item"
  >
    <div
      className="component-item"
    >
      <article
        className="wonder-switch"
      >
        <button
          onClick={[Function]}
        >
          run
        </button>
      </article>
    </div>
  </div>
  <div
    className="header-item"
  >
    <div
      className="component-item"
    >
      <span
        className=""
      >
        color : 
      </span>
      <span
        className=""
      >
        #000000
      </span>
      <button
        className=""
        onClick={[Function]}
      >
        pick color
      </button>
    </div>
  </div>
</article>
`;

exports[`Header test ambient light test ui component 1`] = `
<article
  className="wonder-header-component"
>
  <div
    className="header-item"
  >
    <div
      className="component-item"
    >
      <button
        onClick={[Function]}
      >
        undo
      </button>
    </div>
    <div
      className="component-item"
    >
      <button
        onClick={[Function]}
      >
        redo
      </button>
    </div>
  </div>
  <div
    className="header-item"
  >
    <div
      className="component-item"
    >
      <button
        onClick={[Function]}
      >
        add box
      </button>
    </div>
    <div
      className="component-item"
    >
      <button
        disabled={false}
        onClick={[Function]}
      >
        dispose
      </button>
    </div>
  </div>
  <div
    className="header-item"
  >
    <div
      className="component-item"
    >
      <article
        className="wonder-file-input"
      >
        <button
          onClick={[Function]}
        >
          show Input
        </button>
      </article>
    </div>
  </div>
  <div
    className="header-item"
  >
    <div
      className="component-item"
    >
      <article
        className="wonder-switch"
      >
        <button
          onClick={[Function]}
        >
          run
        </button>
      </article>
    </div>
  </div>
  <div
    className="header-item"
  >
    <div
      className="component-item"
    >
      <span
        className=""
      >
        color : 
      </span>
      <span
        className=""
      >
        #000000
      </span>
      <button
        className=""
        onClick={[Function]}
      >
        pick color
      </button>
    </div>
  </div>
</article>
`;
